Archive member included to satisfy reference by file (symbol)

../../MCSDK_v5.4.3/MotorControl/lib\libmc-gcc_M4_NoCCMRAM.lib(revup_ctrl.o)
                              Application/User/mc_tasks.o (RUC_Init)
../../MCSDK_v5.4.3/MotorControl/lib\libmc-gcc_M4_NoCCMRAM.lib(sto_pll_speed_pos_fdbk.o)
                              Application/User/mc_tasks.o (STO_PLL_CalcElAngle)
d:/st/stm32cubeide_1.3.0/stm32cubeide/plugins/com.st.stm32cube.ide.mcu.externaltools.gnu-tools-for-stm32.7-2018-q2-update.win32_1.0.0.201904181610/tools/bin/../lib/gcc/arm-none-eabi/7.3.1/../../../../arm-none-eabi/lib/thumb/v7e-m/fpv4-sp/hard\libc_nano.a(lib_a-errno.o)
                              Application/User/syscalls.o (__errno)
d:/st/stm32cubeide_1.3.0/stm32cubeide/plugins/com.st.stm32cube.ide.mcu.externaltools.gnu-tools-for-stm32.7-2018-q2-update.win32_1.0.0.201904181610/tools/bin/../lib/gcc/arm-none-eabi/7.3.1/../../../../arm-none-eabi/lib/thumb/v7e-m/fpv4-sp/hard\libc_nano.a(lib_a-exit.o)
                              d:/st/stm32cubeide_1.3.0/stm32cubeide/plugins/com.st.stm32cube.ide.mcu.externaltools.gnu-tools-for-stm32.7-2018-q2-update.win32_1.0.0.201904181610/tools/bin/../lib/gcc/arm-none-eabi/7.3.1/../../../../arm-none-eabi/lib/thumb/v7e-m/fpv4-sp/hard/crt0.o (exit)
d:/st/stm32cubeide_1.3.0/stm32cubeide/plugins/com.st.stm32cube.ide.mcu.externaltools.gnu-tools-for-stm32.7-2018-q2-update.win32_1.0.0.201904181610/tools/bin/../lib/gcc/arm-none-eabi/7.3.1/../../../../arm-none-eabi/lib/thumb/v7e-m/fpv4-sp/hard\libc_nano.a(lib_a-impure.o)
                              d:/st/stm32cubeide_1.3.0/stm32cubeide/plugins/com.st.stm32cube.ide.mcu.externaltools.gnu-tools-for-stm32.7-2018-q2-update.win32_1.0.0.201904181610/tools/bin/../lib/gcc/arm-none-eabi/7.3.1/../../../../arm-none-eabi/lib/thumb/v7e-m/fpv4-sp/hard\libc_nano.a(lib_a-exit.o) (_global_impure_ptr)
d:/st/stm32cubeide_1.3.0/stm32cubeide/plugins/com.st.stm32cube.ide.mcu.externaltools.gnu-tools-for-stm32.7-2018-q2-update.win32_1.0.0.201904181610/tools/bin/../lib/gcc/arm-none-eabi/7.3.1/../../../../arm-none-eabi/lib/thumb/v7e-m/fpv4-sp/hard\libc_nano.a(lib_a-init.o)
                              d:/st/stm32cubeide_1.3.0/stm32cubeide/plugins/com.st.stm32cube.ide.mcu.externaltools.gnu-tools-for-stm32.7-2018-q2-update.win32_1.0.0.201904181610/tools/bin/../lib/gcc/arm-none-eabi/7.3.1/../../../../arm-none-eabi/lib/thumb/v7e-m/fpv4-sp/hard/crt0.o (__libc_init_array)
d:/st/stm32cubeide_1.3.0/stm32cubeide/plugins/com.st.stm32cube.ide.mcu.externaltools.gnu-tools-for-stm32.7-2018-q2-update.win32_1.0.0.201904181610/tools/bin/../lib/gcc/arm-none-eabi/7.3.1/../../../../arm-none-eabi/lib/thumb/v7e-m/fpv4-sp/hard\libc_nano.a(lib_a-memset.o)
                              d:/st/stm32cubeide_1.3.0/stm32cubeide/plugins/com.st.stm32cube.ide.mcu.externaltools.gnu-tools-for-stm32.7-2018-q2-update.win32_1.0.0.201904181610/tools/bin/../lib/gcc/arm-none-eabi/7.3.1/../../../../arm-none-eabi/lib/thumb/v7e-m/fpv4-sp/hard/crt0.o (memset)

Allocating common symbols
Common symbol       size              file

pOCPDisabling       0x4               Application/User/mc_tasks.o
pTemperatureSensor  0x4               Application/User/mc_tasks.o
pwmcHandle          0x4               Application/User/mc_tasks.o
pPIDSpeed           0x4               Application/User/mc_tasks.o
pPIDIq              0x4               Application/User/mc_tasks.o
oMCInterface        0x4               Application/User/mc_tasks.o
pR_Brake            0x4               Application/User/mc_tasks.o
hcomp6              0x30              Application/User/main.o
FOCVars             0x26              Application/User/mc_tasks.o
MCT                 0x54              Application/User/mc_tasks.o
uwTick              0x4               Drivers/STM32F3xx_HAL_Driver/stm32f3xx_hal.o
pCLM                0x4               Application/User/mc_tasks.o
pFlash              0x20              Drivers/STM32F3xx_HAL_Driver/stm32f3xx_hal_flash.o
RCM_UserConvHandle  0x1               Application/User/regular_conversion_manager.o
pMCI                0x4               Application/User/motorcontrol.o
pBusSensorM1        0x4               Application/User/mc_tasks.o
Mci                 0x1c              Application/User/mc_tasks.o
RCM_CB_array        0x20              Application/User/regular_conversion_manager.o
hcomp4              0x30              Application/User/main.o
hadc1               0x50              Application/User/main.o
STM                 0x6               Application/User/mc_tasks.o
hadc3               0x50              Application/User/main.o
huart1              0x80              Application/User/main.o
RCM_UserConvState   0x1               Application/User/regular_conversion_manager.o
pREMNG              0x4               Application/User/mc_tasks.o
RCM_handle_array    0x10              Application/User/regular_conversion_manager.o
pMPM                0x4               Application/User/mc_tasks.o
[...]
Memory Configuration

Name             Origin             Length             Attributes
CCMRAM           0x0000000010000000 0x0000000000002000 xrw
RAM              0x0000000020000000 0x0000000000008000 xrw
FLASH            0x0000000008000000 0x0000000000020000 xr
*default*        0x0000000000000000 0xffffffffffffffff

Linker script and memory map

LOAD d:/st/stm32cubeide_1.3.0/stm32cubeide/plugins/com.st.stm32cube.ide.mcu.externaltools.gnu-tools-for-stm32.7-2018-q2-update.win32_1.0.0.201904181610/tools/bin/../lib/gcc/arm-none-eabi/7.3.1/thumb/v7e-m/fpv4-sp/hard/crti.o
LOAD d:/st/stm32cubeide_1.3.0/stm32cubeide/plugins/com.st.stm32cube.ide.mcu.externaltools.gnu-tools-for-stm32.7-2018-q2-update.win32_1.0.0.201904181610/tools/bin/../lib/gcc/arm-none-eabi/7.3.1/thumb/v7e-m/fpv4-sp/hard/crtbegin.o
LOAD d:/st/stm32cubeide_1.3.0/stm32cubeide/plugins/com.st.stm32cube.ide.mcu.externaltools.gnu-tools-for-stm32.7-2018-q2-update.win32_1.0.0.201904181610/tools/bin/../lib/gcc/arm-none-eabi/7.3.1/../../../../arm-none-eabi/lib/thumb/v7e-m/fpv4-sp/hard/crt0.o
LOAD Application/Startup/startup_stm32f303cbtx.o
LOAD Application/User/main.o
LOAD Application/User/mc_api.o
LOAD Application/User/mc_config.o
LOAD Application/User/mc_interface.o
LOAD Application/User/mc_math.o
LOAD Application/User/mc_parameters.o
LOAD Application/User/mc_tasks.o
LOAD Application/User/motor_control_protocol.o
LOAD Application/User/motorcontrol.o
LOAD Application/User/regular_conversion_manager.o
LOAD Application/User/stm32f30x_mc_it.o
LOAD Application/User/stm32f3xx_hal_msp.o
LOAD Application/User/stm32f3xx_it.o
LOAD Application/User/syscalls.o
LOAD Application/User/sysmem.o
LOAD Application/User/ui_task.o
LOAD Application/User/user_interface.o
LOAD Drivers/CMSIS/system_stm32f3xx.o
LOAD Drivers/STM32F3xx_HAL_Driver/stm32f3xx_hal.o
LOAD Drivers/STM32F3xx_HAL_Driver/stm32f3xx_hal_adc.o
LOAD Drivers/STM32F3xx_HAL_Driver/stm32f3xx_hal_adc_ex.o
LOAD Drivers/STM32F3xx_HAL_Driver/stm32f3xx_hal_comp.o
LOAD Drivers/STM32F3xx_HAL_Driver/stm32f3xx_hal_cortex.o
LOAD Drivers/STM32F3xx_HAL_Driver/stm32f3xx_hal_dma.o
LOAD Drivers/STM32F3xx_HAL_Driver/stm32f3xx_hal_exti.o
LOAD Drivers/STM32F3xx_HAL_Driver/stm32f3xx_hal_flash.o
LOAD Drivers/STM32F3xx_HAL_Driver/stm32f3xx_hal_flash_ex.o
LOAD Drivers/STM32F3xx_HAL_Driver/stm32f3xx_hal_gpio.o
LOAD Drivers/STM32F3xx_HAL_Driver/stm32f3xx_hal_i2c.o
LOAD Drivers/STM32F3xx_HAL_Driver/stm32f3xx_hal_i2c_ex.o
LOAD Drivers/STM32F3xx_HAL_Driver/stm32f3xx_hal_pwr.o
LOAD Drivers/STM32F3xx_HAL_Driver/stm32f3xx_hal_pwr_ex.o
LOAD Drivers/STM32F3xx_HAL_Driver/stm32f3xx_hal_rcc.o
LOAD Drivers/STM32F3xx_HAL_Driver/stm32f3xx_hal_rcc_ex.o
LOAD Drivers/STM32F3xx_HAL_Driver/stm32f3xx_hal_tim.o
LOAD Drivers/STM32F3xx_HAL_Driver/stm32f3xx_hal_tim_ex.o
LOAD Drivers/STM32F3xx_HAL_Driver/stm32f3xx_hal_uart.o
LOAD Drivers/STM32F3xx_HAL_Driver/stm32f3xx_hal_uart_ex.o
LOAD Middlewares/MotorControl/bus_voltage_sensor.o
LOAD Middlewares/MotorControl/circle_limitation.o
LOAD Middlewares/MotorControl/digital_output.o
LOAD Middlewares/MotorControl/frame_communication_protocol.o
LOAD Middlewares/MotorControl/motor_power_measurement.o
LOAD Middlewares/MotorControl/ntc_temperature_sensor.o
LOAD Middlewares/MotorControl/open_loop.o
LOAD Middlewares/MotorControl/pid_regulator.o
LOAD Middlewares/MotorControl/pqd_motor_power_measurement.o
LOAD Middlewares/MotorControl/pwm_common.o
LOAD Middlewares/MotorControl/pwm_curr_fdbk.o
LOAD Middlewares/MotorControl/r3_1_f30x_pwm_curr_fdbk.o
LOAD Middlewares/MotorControl/r_divider_bus_voltage_sensor.o
LOAD Middlewares/MotorControl/ramp_ext_mngr.o
LOAD Middlewares/MotorControl/speed_pos_fdbk.o
LOAD Middlewares/MotorControl/speed_torq_ctrl.o
LOAD Middlewares/MotorControl/state_machine.o
LOAD Middlewares/MotorControl/ui_irq_handler.o
LOAD Middlewares/MotorControl/usart_frame_communication_protocol.o
LOAD Middlewares/MotorControl/virtual_speed_sensor.o
LOAD ../../MCSDK_v5.4.3/MotorControl/lib\libmc-gcc_M4_NoCCMRAM.lib
START GROUP
LOAD d:/st/stm32cubeide_1.3.0/stm32cubeide/plugins/com.st.stm32cube.ide.mcu.externaltools.gnu-tools-for-stm32.7-2018-q2-update.win32_1.0.0.201904181610/tools/bin/../lib/gcc/arm-none-eabi/7.3.1/../../../../arm-none-eabi/lib/thumb/v7e-m/fpv4-sp/hard\libc_nano.a
LOAD d:/st/stm32cubeide_1.3.0/stm32cubeide/plugins/com.st.stm32cube.ide.mcu.externaltools.gnu-tools-for-stm32.7-2018-q2-update.win32_1.0.0.201904181610/tools/bin/../lib/gcc/arm-none-eabi/7.3.1/../../../../arm-none-eabi/lib/thumb/v7e-m/fpv4-sp/hard\libm.a
END GROUP
START GROUP
LOAD d:/st/stm32cubeide_1.3.0/stm32cubeide/plugins/com.st.stm32cube.ide.mcu.externaltools.gnu-tools-for-stm32.7-2018-q2-update.win32_1.0.0.201904181610/tools/bin/../lib/gcc/arm-none-eabi/7.3.1/thumb/v7e-m/fpv4-sp/hard\libgcc.a
LOAD d:/st/stm32cubeide_1.3.0/stm32cubeide/plugins/com.st.stm32cube.ide.mcu.externaltools.gnu-tools-for-stm32.7-2018-q2-update.win32_1.0.0.201904181610/tools/bin/../lib/gcc/arm-none-eabi/7.3.1/../../../../arm-none-eabi/lib/thumb/v7e-m/fpv4-sp/hard\libc_nano.a
END GROUP
START GROUP
LOAD d:/st/stm32cubeide_1.3.0/stm32cubeide/plugins/com.st.stm32cube.ide.mcu.externaltools.gnu-tools-for-stm32.7-2018-q2-update.win32_1.0.0.201904181610/tools/bin/../lib/gcc/arm-none-eabi/7.3.1/thumb/v7e-m/fpv4-sp/hard\libgcc.a
LOAD d:/st/stm32cubeide_1.3.0/stm32cubeide/plugins/com.st.stm32cube.ide.mcu.externaltools.gnu-tools-for-stm32.7-2018-q2-update.win32_1.0.0.201904181610/tools/bin/../lib/gcc/arm-none-eabi/7.3.1/../../../../arm-none-eabi/lib/thumb/v7e-m/fpv4-sp/hard\libc_nano.a
LOAD d:/st/stm32cubeide_1.3.0/stm32cubeide/plugins/com.st.stm32cube.ide.mcu.externaltools.gnu-tools-for-stm32.7-2018-q2-update.win32_1.0.0.201904181610/tools/bin/../lib/gcc/arm-none-eabi/7.3.1/../../../../arm-none-eabi/lib/thumb/v7e-m/fpv4-sp/hard\libnosys.a
END GROUP
START GROUP
LOAD d:/st/stm32cubeide_1.3.0/stm32cubeide/plugins/com.st.stm32cube.ide.mcu.externaltools.gnu-tools-for-stm32.7-2018-q2-update.win32_1.0.0.201904181610/tools/bin/../lib/gcc/arm-none-eabi/7.3.1/thumb/v7e-m/fpv4-sp/hard\libgcc.a
LOAD d:/st/stm32cubeide_1.3.0/stm32cubeide/plugins/com.st.stm32cube.ide.mcu.externaltools.gnu-tools-for-stm32.7-2018-q2-update.win32_1.0.0.201904181610/tools/bin/../lib/gcc/arm-none-eabi/7.3.1/../../../../arm-none-eabi/lib/thumb/v7e-m/fpv4-sp/hard\libc_nano.a
LOAD d:/st/stm32cubeide_1.3.0/stm32cubeide/plugins/com.st.stm32cube.ide.mcu.externaltools.gnu-tools-for-stm32.7-2018-q2-update.win32_1.0.0.201904181610/tools/bin/../lib/gcc/arm-none-eabi/7.3.1/../../../../arm-none-eabi/lib/thumb/v7e-m/fpv4-sp/hard\libnosys.a
END GROUP
LOAD d:/st/stm32cubeide_1.3.0/stm32cubeide/plugins/com.st.stm32cube.ide.mcu.externaltools.gnu-tools-for-stm32.7-2018-q2-update.win32_1.0.0.201904181610/tools/bin/../lib/gcc/arm-none-eabi/7.3.1/thumb/v7e-m/fpv4-sp/hard/crtend.o
LOAD d:/st/stm32cubeide_1.3.0/stm32cubeide/plugins/com.st.stm32cube.ide.mcu.externaltools.gnu-tools-for-stm32.7-2018-q2-update.win32_1.0.0.201904181610/tools/bin/../lib/gcc/arm-none-eabi/7.3.1/thumb/v7e-m/fpv4-sp/hard/crtn.o
                0x0000000020008000                _estack = (ORIGIN (RAM) + LENGTH (RAM))
                0x0000000000000200                _Min_Heap_Size = 0x200
                0x0000000000000400                _Min_Stack_Size = 0x400

.isr_vector     0x0000000008000000      0x188
                0x0000000008000000                . = ALIGN (0x4)
 *(.isr_vector)
 .isr_vector    0x0000000008000000      0x188 Application/Startup/startup_stm32f303cbtx.o
                0x0000000008000000                g_pfnVectors
                0x0000000008000188                . = ALIGN (0x4)

.text           0x0000000008000188     0xd854
                0x0000000008000188                . = ALIGN (0x4)
 *(.text)
 .text          0x0000000008000188       0x40 d:/st/stm32cubeide_1.3.0/stm32cubeide/plugins/com.st.stm32cube.ide.mcu.externaltools.gnu-tools-for-stm32.7-2018-q2-update.win32_1.0.0.201904181610/tools/bin/../lib/gcc/arm-none-eabi/7.3.1/thumb/v7e-m/fpv4-sp/hard/crtbegin.o
 *(.text*)
 .text.Reset_Handler
                0x00000000080001c8       0x50 Application/Startup/startup_stm32f303cbtx.o
                0x00000000080001c8                Reset_Handler
 .text.Default_Handler
                0x0000000008000218        0x2 Application/Startup/startup_stm32f303cbtx.o
                0x0000000008000218                RTC_Alarm_IRQHandler
                0x0000000008000218                TIM8_TRG_COM_IRQHandler
                0x0000000008000218                TIM8_CC_IRQHandler
                0x0000000008000218                DebugMon_Handler
                0x0000000008000218                TIM1_CC_IRQHandler
                0x0000000008000218                USB_HP_IRQHandler
                0x0000000008000218                PVD_IRQHandler
                0x0000000008000218                TAMP_STAMP_IRQHandler
                0x0000000008000218                PendSV_Handler
                0x0000000008000218                NMI_Handler
                0x0000000008000218                EXTI3_IRQHandler
                0x0000000008000218                USB_HP_CAN_TX_IRQHandler
                0x0000000008000218                EXTI0_IRQHandler
                0x0000000008000218                I2C2_EV_IRQHandler
                0x0000000008000218                FPU_IRQHandler
                0x0000000008000218                UsageFault_Handler
                0x0000000008000218                SPI1_IRQHandler
                0x0000000008000218                CAN_SCE_IRQHandler
                0x0000000008000218                TIM6_DAC_IRQHandler
                0x0000000008000218                TIM8_UP_IRQHandler
                0x0000000008000218                DMA2_Channel2_IRQHandler
                0x0000000008000218                DMA1_Channel4_IRQHandler
                0x0000000008000218                USART3_IRQHandler
                0x0000000008000218                DMA1_Channel7_IRQHandler
                0x0000000008000218                UART5_IRQHandler
                0x0000000008000218                ADC3_IRQHandler
                0x0000000008000218                TIM4_IRQHandler
                0x0000000008000218                CAN_RX1_IRQHandler
                0x0000000008000218                DMA2_Channel1_IRQHandler
                0x0000000008000218                I2C1_EV_IRQHandler
                0x0000000008000218                DMA1_Channel6_IRQHandler
                0x0000000008000218                UART4_IRQHandler
                0x0000000008000218                DMA2_Channel4_IRQHandler
                0x0000000008000218                TIM3_IRQHandler
                0x0000000008000218                RCC_IRQHandler
                0x0000000008000218                DMA1_Channel1_IRQHandler
                0x0000000008000218                Default_Handler
                0x0000000008000218                USBWakeUp_RMP_IRQHandler
                0x0000000008000218                EXTI15_10_IRQHandler
                0x0000000008000218                TIM7_IRQHandler
                0x0000000008000218                EXTI9_5_IRQHandler
                0x0000000008000218                RTC_WKUP_IRQHandler
                0x0000000008000218                SPI2_IRQHandler
                0x0000000008000218                USB_LP_CAN_RX0_IRQHandler
                0x0000000008000218                MemManage_Handler
                0x0000000008000218                SVC_Handler
                0x0000000008000218                DMA2_Channel5_IRQHandler
                0x0000000008000218                DMA1_Channel5_IRQHandler
                0x0000000008000218                USB_LP_IRQHandler
                0x0000000008000218                EXTI4_IRQHandler
                0x0000000008000218                TIM1_TRG_COM_TIM17_IRQHandler
                0x0000000008000218                DMA1_Channel3_IRQHandler
                0x0000000008000218                ADC4_IRQHandler
                0x0000000008000218                WWDG_IRQHandler
                0x0000000008000218                TIM2_IRQHandler
                0x0000000008000218                COMP7_IRQHandler
                0x0000000008000218                COMP1_2_3_IRQHandler
                0x0000000008000218                EXTI1_IRQHandler
                0x0000000008000218                USART2_IRQHandler
                0x0000000008000218                COMP4_5_6_IRQHandler
                0x0000000008000218                I2C2_ER_IRQHandler
                0x0000000008000218                DMA1_Channel2_IRQHandler
                0x0000000008000218                TIM8_BRK_IRQHandler
                0x0000000008000218                FLASH_IRQHandler
                0x0000000008000218                BusFault_Handler
                0x0000000008000218                SPI3_IRQHandler
                0x0000000008000218                I2C1_ER_IRQHandler
                0x0000000008000218                USBWakeUp_IRQHandler
                0x0000000008000218                DMA2_Channel3_IRQHandler
                0x0000000008000218                EXTI2_TSC_IRQHandler
 .text.main     0x000000000800021a       0x36 Application/User/main.o
                0x000000000800021a                main
 .text.SystemClock_Config
                0x0000000008000250       0xbc Application/User/main.o
                0x0000000008000250                SystemClock_Config
 .text.MX_NVIC_Init
                0x000000000800030c       0x48 Application/User/main.o
 .text.MX_ADC1_Init
                0x0000000008000354      0x178 Application/User/main.o
 .text.MX_ADC3_Init
                0x00000000080004cc       0xe4 Application/User/main.o
 .text.MX_COMP2_Init
                0x00000000080005b0       0x60 Application/User/main.o
 .text.MX_COMP4_Init
                0x0000000008000610       0x60 Application/User/main.o
 .text.MX_COMP6_Init
                0x0000000008000670       0x60 Application/User/main.o
 .text.MX_TIM1_Init
                0x00000000080006d0      0x1c0 Application/User/main.o
 .text.MX_USART1_UART_Init
                0x0000000008000890       0x60 Application/User/main.o
 .text.MX_GPIO_Init
                0x00000000080008f0       0x60 Application/User/main.o
 .text.Error_Handler
                0x0000000008000950        0xe Application/User/main.o
                0x0000000008000950                Error_Handler
 .text.MCI_Init
                0x000000000800095e       0x4a Application/User/mc_interface.o
                0x000000000800095e                MCI_Init
 .text.MCI_ExecSpeedRamp
                0x00000000080009a8       0x3a Application/User/mc_interface.o
                0x00000000080009a8                MCI_ExecSpeedRamp
 .text.MCI_ExecTorqueRamp
                0x00000000080009e2       0x3a Application/User/mc_interface.o
                0x00000000080009e2                MCI_ExecTorqueRamp
 .text.MCI_SetCurrentReferences
                0x0000000008000a1c       0x38 Application/User/mc_interface.o
                0x0000000008000a1c                MCI_SetCurrentReferences
 .text.MCI_StartMotor
                0x0000000008000a54       0x2e Application/User/mc_interface.o
                0x0000000008000a54                MCI_StartMotor
 .text.MCI_StopMotor
                0x0000000008000a82       0x1e Application/User/mc_interface.o
                0x0000000008000a82                MCI_StopMotor
 .text.MCI_FaultAcknowledged
                0x0000000008000aa0       0x1c Application/User/mc_interface.o
                0x0000000008000aa0                MCI_FaultAcknowledged
 .text.MCI_EncoderAlign
                0x0000000008000abc       0x1e Application/User/mc_interface.o
                0x0000000008000abc                MCI_EncoderAlign
 .text.MCI_ExecBufferedCommands
                0x0000000008000ada       0xc6 Application/User/mc_interface.o
                0x0000000008000ada                MCI_ExecBufferedCommands
 .text.MCI_GetSTMState
                0x0000000008000ba0       0x1c Application/User/mc_interface.o
                0x0000000008000ba0                MCI_GetSTMState
 .text.MCI_GetControlMode
                0x0000000008000bbc       0x18 Application/User/mc_interface.o
                0x0000000008000bbc                MCI_GetControlMode
 .text.MCI_GetImposedMotorDirection
                0x0000000008000bd4       0x6e Application/User/mc_interface.o
                0x0000000008000bd4                MCI_GetImposedMotorDirection
 .text.MCI_GetLastRampFinalSpeed
                0x0000000008000c42       0x2a Application/User/mc_interface.o
                0x0000000008000c42                MCI_GetLastRampFinalSpeed
 .text.MCI_StopRamp
                0x0000000008000c6c       0x1a Application/User/mc_interface.o
                0x0000000008000c6c                MCI_StopRamp
 .text.MCI_GetAvrgMecSpeedUnit
                0x0000000008000c86       0x24 Application/User/mc_interface.o
                0x0000000008000c86                MCI_GetAvrgMecSpeedUnit
 .text.MCI_GetMecSpeedRefUnit
                0x0000000008000caa       0x1c Application/User/mc_interface.o
                0x0000000008000caa                MCI_GetMecSpeedRefUnit
 .text.MCI_GetIab
                0x0000000008000cc6       0x2e Application/User/mc_interface.o
                0x0000000008000cc6                MCI_GetIab
 .text.MCI_GetIalphabeta
                0x0000000008000cf4       0x30 Application/User/mc_interface.o
                0x0000000008000cf4                MCI_GetIalphabeta
 .text.MCI_GetIqd
                0x0000000008000d24       0x30 Application/User/mc_interface.o
                0x0000000008000d24                MCI_GetIqd
 .text.MCI_GetIqdref
                0x0000000008000d54       0x30 Application/User/mc_interface.o
                0x0000000008000d54                MCI_GetIqdref
 .text.MCI_GetVqd
                0x0000000008000d84       0x30 Application/User/mc_interface.o
                0x0000000008000d84                MCI_GetVqd
 .text.MCI_GetValphabeta
                0x0000000008000db4       0x30 Application/User/mc_interface.o
                0x0000000008000db4                MCI_GetValphabeta
 .text.MCI_GetTeref
                0x0000000008000de4       0x1c Application/User/mc_interface.o
                0x0000000008000de4                MCI_GetTeref
 .text.MCI_SetIdref
                0x0000000008000e00       0x28 Application/User/mc_interface.o
                0x0000000008000e00                MCI_SetIdref
 .text.MCI_Clear_Iqdref
                0x0000000008000e28       0x2a Application/User/mc_interface.o
                0x0000000008000e28                MCI_Clear_Iqdref
 .text.MCM_Clarke
                0x0000000008000e52       0x94 Application/User/mc_math.o
                0x0000000008000e52                MCM_Clarke
 .text.MCM_Park
                0x0000000008000ee6       0xf0 Application/User/mc_math.o
                0x0000000008000ee6                MCM_Park
 .text.MCM_Rev_Park
                0x0000000008000fd6       0x84 Application/User/mc_math.o
                0x0000000008000fd6                MCM_Rev_Park
 *fill*         0x000000000800105a        0x2 
 .text.MCM_Trig_Functions
                0x000000000800105c      0x110 Application/User/mc_math.o
                0x000000000800105c                MCM_Trig_Functions
 .text.LL_GPIO_LockPin
                0x000000000800116c       0x38 Application/User/mc_tasks.o
 .text.MCboot   0x00000000080011a4      0x260 Application/User/mc_tasks.o
                0x00000000080011a4                MCboot
 .text.MC_RunMotorControlTasks
                0x0000000008001404       0x20 Application/User/mc_tasks.o
                0x0000000008001404                MC_RunMotorControlTasks
 .text.MC_Scheduler
                0x0000000008001424       0x74 Application/User/mc_tasks.o
                0x0000000008001424                MC_Scheduler
 .text.TSK_MediumFrequencyTaskM1
                0x0000000008001498      0x380 Application/User/mc_tasks.o
                0x0000000008001498                TSK_MediumFrequencyTaskM1
 .text.FOC_Clear
                0x0000000008001818      0x12c Application/User/mc_tasks.o
                0x0000000008001818                FOC_Clear
 .text.FOC_InitAdditionalMethods
                0x0000000008001944       0x16 Application/User/mc_tasks.o
                0x0000000008001944                FOC_InitAdditionalMethods
 *fill*         0x000000000800195a        0x2 
 .text.FOC_CalcCurrRef
                0x000000000800195c       0x78 Application/User/mc_tasks.o
                0x000000000800195c                FOC_CalcCurrRef
 .text.TSK_SetChargeBootCapDelayM1
                0x00000000080019d4       0x20 Application/User/mc_tasks.o
                0x00000000080019d4                TSK_SetChargeBootCapDelayM1
 .text.TSK_ChargeBootCapDelayHasElapsedM1
                0x00000000080019f4       0x2c Application/User/mc_tasks.o
                0x00000000080019f4                TSK_ChargeBootCapDelayHasElapsedM1
 .text.TSK_SetStopPermanencyTimeM1
                0x0000000008001a20       0x20 Application/User/mc_tasks.o
                0x0000000008001a20                TSK_SetStopPermanencyTimeM1
 .text.TSK_StopPermanencyTimeHasElapsedM1
                0x0000000008001a40       0x2c Application/User/mc_tasks.o
                0x0000000008001a40                TSK_StopPermanencyTimeHasElapsedM1
 .text.TSK_HighFrequencyTask
                0x0000000008001a6c       0xfc Application/User/mc_tasks.o
                0x0000000008001a6c                TSK_HighFrequencyTask
 .text.FOC_CurrControllerM1
                0x0000000008001b68      0x138 Application/User/mc_tasks.o
 .text.TSK_SafetyTask
                0x0000000008001ca0       0x20 Application/User/mc_tasks.o
                0x0000000008001ca0                TSK_SafetyTask
 .text.TSK_SafetyTask_PWMOFF
                0x0000000008001cc0      0x118 Application/User/mc_tasks.o
                0x0000000008001cc0                TSK_SafetyTask_PWMOFF
 .text.TSK_HardwareFaultTask
                0x0000000008001dd8       0x24 Application/User/mc_tasks.o
                0x0000000008001dd8                TSK_HardwareFaultTask
 .text.mc_lock_pins
                0x0000000008001dfc       0xa0 Application/User/mc_tasks.o
                0x0000000008001dfc                mc_lock_pins
 .text.MCP_Init
                0x0000000008001e9c       0x58 Application/User/motor_control_protocol.o
                0x0000000008001e9c                MCP_Init
 .text.MCP_OnTimeOut
                0x0000000008001ef4       0x16 Application/User/motor_control_protocol.o
                0x0000000008001ef4                MCP_OnTimeOut
 .text.MCP_WaitNextFrame
                0x0000000008001f0a       0x30 Application/User/motor_control_protocol.o
                0x0000000008001f0a                MCP_WaitNextFrame
 .text.MCP_SentFrame
                0x0000000008001f3a       0x22 Application/User/motor_control_protocol.o
                0x0000000008001f3a                MCP_SentFrame
 .text.MCP_ReceivedFrame
                0x0000000008001f5c      0xb40 Application/User/motor_control_protocol.o
                0x0000000008001f5c                MCP_ReceivedFrame
 .text.MX_MotorControl_Init
                0x0000000008002a9c       0x50 Application/User/motorcontrol.o
                0x0000000008002a9c                MX_MotorControl_Init
 .text.LL_ADC_REG_SetSequencerLength
                0x0000000008002aec       0x26 Application/User/regular_conversion_manager.o
 .text.LL_ADC_REG_SetSequencerRanks
                0x0000000008002b12       0x6a Application/User/regular_conversion_manager.o
 .text.LL_ADC_SetChannelSamplingTime
                0x0000000008002b7c       0x92 Application/User/regular_conversion_manager.o
 .text.LL_ADC_Enable
                0x0000000008002c0e       0x28 Application/User/regular_conversion_manager.o
 .text.LL_ADC_IsEnabled
                0x0000000008002c36       0x26 Application/User/regular_conversion_manager.o
 .text.LL_ADC_StartCalibration
                0x0000000008002c5c       0x32 Application/User/regular_conversion_manager.o
 .text.LL_ADC_IsCalibrationOnGoing
                0x0000000008002c8e       0x28 Application/User/regular_conversion_manager.o
 .text.LL_ADC_REG_StartConversion
                0x0000000008002cb6       0x28 Application/User/regular_conversion_manager.o
 .text.LL_ADC_REG_ReadConversionData12
                0x0000000008002cde       0x1a Application/User/regular_conversion_manager.o
 .text.LL_ADC_IsActiveFlag_EOC
                0x0000000008002cf8       0x26 Application/User/regular_conversion_manager.o
 .text.LL_ADC_ClearFlag_EOC
                0x0000000008002d1e       0x1a Application/User/regular_conversion_manager.o
 .text.LL_ADC_ClearFlag_JEOC
                0x0000000008002d38       0x1a Application/User/regular_conversion_manager.o
 .text.LL_ADC_DisableIT_EOC
                0x0000000008002d52       0x20 Application/User/regular_conversion_manager.o
 .text.LL_ADC_DisableIT_JEOC
                0x0000000008002d72       0x20 Application/User/regular_conversion_manager.o
 *fill*         0x0000000008002d92        0x2 
 .text.RCM_RegisterRegConv
                0x0000000008002d94      0x16c Application/User/regular_conversion_manager.o
                0x0000000008002d94                RCM_RegisterRegConv
 .text.RCM_ExecRegularConv
                0x0000000008002f00       0xfc Application/User/regular_conversion_manager.o
                0x0000000008002f00                RCM_ExecRegularConv
 .text.RCM_ExecUserConv
                0x0000000008002ffc       0x74 Application/User/regular_conversion_manager.o
                0x0000000008002ffc                RCM_ExecUserConv
 .text.LL_ADC_ClearFlag_JEOS
                0x0000000008003070       0x1a Application/User/stm32f30x_mc_it.o
 .text.LL_TIM_ClearFlag_UPDATE
                0x000000000800308a       0x1c Application/User/stm32f30x_mc_it.o
 .text.LL_TIM_ClearFlag_BRK
                0x00000000080030a6       0x1c Application/User/stm32f30x_mc_it.o
 .text.LL_TIM_IsActiveFlag_BRK
                0x00000000080030c2       0x26 Application/User/stm32f30x_mc_it.o
 .text.LL_TIM_ClearFlag_BRK2
                0x00000000080030e8       0x1c Application/User/stm32f30x_mc_it.o
 .text.LL_TIM_IsActiveFlag_BRK2
                0x0000000008003104       0x28 Application/User/stm32f30x_mc_it.o
 .text.LL_USART_IsActiveFlag_ORE
                0x000000000800312c       0x26 Application/User/stm32f30x_mc_it.o
 .text.LL_USART_IsActiveFlag_RXNE
                0x0000000008003152       0x26 Application/User/stm32f30x_mc_it.o
 .text.LL_USART_IsActiveFlag_TXE
                0x0000000008003178       0x26 Application/User/stm32f30x_mc_it.o
 .text.LL_USART_ClearFlag_ORE
                0x000000000800319e       0x1a Application/User/stm32f30x_mc_it.o
 .text.LL_USART_ReceiveData8
                0x00000000080031b8       0x1c Application/User/stm32f30x_mc_it.o
 .text.ADC1_2_IRQHandler
                0x00000000080031d4       0x14 Application/User/stm32f30x_mc_it.o
                0x00000000080031d4                ADC1_2_IRQHandler
 .text.TIM1_UP_TIM16_IRQHandler
                0x00000000080031e8       0x1c Application/User/stm32f30x_mc_it.o
                0x00000000080031e8                TIM1_UP_TIM16_IRQHandler
 .text.TIM1_BRK_TIM15_IRQHandler
                0x0000000008003204       0x44 Application/User/stm32f30x_mc_it.o
                0x0000000008003204                TIM1_BRK_TIM15_IRQHandler
 .text.USART1_IRQHandler
                0x0000000008003248       0x98 Application/User/stm32f30x_mc_it.o
                0x0000000008003248                USART1_IRQHandler
 .text.HardFault_Handler
                0x00000000080032e0       0x94 Application/User/stm32f30x_mc_it.o
                0x00000000080032e0                HardFault_Handler
 .text.SysTick_Handler
                0x0000000008003374       0x34 Application/User/stm32f30x_mc_it.o
                0x0000000008003374                SysTick_Handler
 .text.HAL_MspInit
                0x00000000080033a8       0x48 Application/User/stm32f3xx_hal_msp.o
                0x00000000080033a8                HAL_MspInit
 .text.HAL_ADC_MspInit
                0x00000000080033f0       0xd8 Application/User/stm32f3xx_hal_msp.o
                0x00000000080033f0                HAL_ADC_MspInit
 .text.HAL_COMP_MspInit
                0x00000000080034c8       0xec Application/User/stm32f3xx_hal_msp.o
                0x00000000080034c8                HAL_COMP_MspInit
 .text.HAL_TIM_Base_MspInit
                0x00000000080035b4       0x40 Application/User/stm32f3xx_hal_msp.o
                0x00000000080035b4                HAL_TIM_Base_MspInit
 .text.HAL_TIM_MspPostInit
                0x00000000080035f4       0xd0 Application/User/stm32f3xx_hal_msp.o
                0x00000000080035f4                HAL_TIM_MspPostInit
 .text.HAL_UART_MspInit
                0x00000000080036c4       0x88 Application/User/stm32f3xx_hal_msp.o
                0x00000000080036c4                HAL_UART_MspInit
 .text.UI_TaskInit
                0x000000000800374c       0x80 Application/User/ui_task.o
                0x000000000800374c                UI_TaskInit
 .text.UI_Scheduler
                0x00000000080037cc       0x64 Application/User/ui_task.o
                0x00000000080037cc                UI_Scheduler
 .text.UI_SerialCommunicationTimeOutStop
                0x0000000008003830       0x18 Application/User/ui_task.o
                0x0000000008003830                UI_SerialCommunicationTimeOutStop
 .text.UI_SerialCommunicationTimeOutStart
                0x0000000008003848       0x18 Application/User/ui_task.o
                0x0000000008003848                UI_SerialCommunicationTimeOutStart
 .text.UI_Init  0x0000000008003860       0x3a Application/User/user_interface.o
                0x0000000008003860                UI_Init
 .text.UI_SelectMC
                0x000000000800389a       0x34 Application/User/user_interface.o
                0x000000000800389a                UI_SelectMC
 .text.UI_GetSelectedMC
                0x00000000080038ce       0x18 Application/User/user_interface.o
                0x00000000080038ce                UI_GetSelectedMC
 *fill*         0x00000000080038e6        0x2 
 .text.UI_SetReg
                0x00000000080038e8      0x4a8 Application/User/user_interface.o
                0x00000000080038e8                UI_SetReg
 .text.UI_GetReg
                0x0000000008003d90      0xb30 Application/User/user_interface.o
                0x0000000008003d90                UI_GetReg
 .text.UI_ExecCmd
                0x00000000080048c0       0xd8 Application/User/user_interface.o
                0x00000000080048c0                UI_ExecCmd
 .text.UI_ExecSpeedRamp
                0x0000000008004998       0x50 Application/User/user_interface.o
                0x0000000008004998                UI_ExecSpeedRamp
 .text.UI_ExecTorqueRamp
                0x00000000080049e8       0x38 Application/User/user_interface.o
                0x00000000080049e8                UI_ExecTorqueRamp
 .text.UI_GetRevupData
                0x0000000008004a20       0x72 Application/User/user_interface.o
                0x0000000008004a20                UI_GetRevupData
 .text.UI_SetRevupData
                0x0000000008004a92       0x5e Application/User/user_interface.o
                0x0000000008004a92                UI_SetRevupData
 .text.UI_SetCurrentReferences
                0x0000000008004af0       0x38 Application/User/user_interface.o
                0x0000000008004af0                UI_SetCurrentReferences
 .text.UI_GetMPInfo
                0x0000000008004b28       0x18 Application/User/user_interface.o
                0x0000000008004b28                UI_GetMPInfo
 .text.SystemInit
                0x0000000008004b40       0x2c Drivers/CMSIS/system_stm32f3xx.o
                0x0000000008004b40                SystemInit
 .text.HAL_Init
                0x0000000008004b6c       0x2c Drivers/STM32F3xx_HAL_Driver/stm32f3xx_hal.o
                0x0000000008004b6c                HAL_Init
 .text.HAL_InitTick
                0x0000000008004b98       0x60 Drivers/STM32F3xx_HAL_Driver/stm32f3xx_hal.o
                0x0000000008004b98                HAL_InitTick
 .text.HAL_IncTick
                0x0000000008004bf8       0x28 Drivers/STM32F3xx_HAL_Driver/stm32f3xx_hal.o
                0x0000000008004bf8                HAL_IncTick
 .text.HAL_GetTick
                0x0000000008004c20       0x18 Drivers/STM32F3xx_HAL_Driver/stm32f3xx_hal.o
                0x0000000008004c20                HAL_GetTick
 .text.HAL_ADC_Init
                0x0000000008004c38      0x3c0 Drivers/STM32F3xx_HAL_Driver/stm32f3xx_hal_adc_ex.o
                0x0000000008004c38                HAL_ADC_Init
 .text.HAL_ADC_ConfigChannel
                0x0000000008004ff8      0x5d8 Drivers/STM32F3xx_HAL_Driver/stm32f3xx_hal_adc_ex.o
                0x0000000008004ff8                HAL_ADC_ConfigChannel
 .text.HAL_ADCEx_InjectedConfigChannel
                0x00000000080055d0      0x710 Drivers/STM32F3xx_HAL_Driver/stm32f3xx_hal_adc_ex.o
                0x00000000080055d0                HAL_ADCEx_InjectedConfigChannel
 .text.HAL_ADCEx_MultiModeConfigChannel
                0x0000000008005ce0      0x1e4 Drivers/STM32F3xx_HAL_Driver/stm32f3xx_hal_adc_ex.o
                0x0000000008005ce0                HAL_ADCEx_MultiModeConfigChannel
 .text.ADC_Disable
                0x0000000008005ec4       0xbe Drivers/STM32F3xx_HAL_Driver/stm32f3xx_hal_adc_ex.o
 *fill*         0x0000000008005f82        0x2 
 .text.HAL_COMP_Init
                0x0000000008005f84      0x100 Drivers/STM32F3xx_HAL_Driver/stm32f3xx_hal_comp.o
                0x0000000008005f84                HAL_COMP_Init
 .text.__NVIC_SetPriorityGrouping
                0x0000000008006084       0x48 Drivers/STM32F3xx_HAL_Driver/stm32f3xx_hal_cortex.o
 .text.__NVIC_GetPriorityGrouping
                0x00000000080060cc       0x1c Drivers/STM32F3xx_HAL_Driver/stm32f3xx_hal_cortex.o
 .text.__NVIC_EnableIRQ
                0x00000000080060e8       0x3c Drivers/STM32F3xx_HAL_Driver/stm32f3xx_hal_cortex.o
 .text.__NVIC_SetPriority
                0x0000000008006124       0x54 Drivers/STM32F3xx_HAL_Driver/stm32f3xx_hal_cortex.o
 .text.NVIC_EncodePriority
                0x0000000008006178       0x66 Drivers/STM32F3xx_HAL_Driver/stm32f3xx_hal_cortex.o
 *fill*         0x00000000080061de        0x2 
 .text.SysTick_Config
                0x00000000080061e0       0x44 Drivers/STM32F3xx_HAL_Driver/stm32f3xx_hal_cortex.o
 .text.HAL_NVIC_SetPriorityGrouping
                0x0000000008006224       0x16 Drivers/STM32F3xx_HAL_Driver/stm32f3xx_hal_cortex.o
                0x0000000008006224                HAL_NVIC_SetPriorityGrouping
 .text.HAL_NVIC_SetPriority
                0x000000000800623a       0x38 Drivers/STM32F3xx_HAL_Driver/stm32f3xx_hal_cortex.o
                0x000000000800623a                HAL_NVIC_SetPriority
 .text.HAL_NVIC_EnableIRQ
                0x0000000008006272       0x1c Drivers/STM32F3xx_HAL_Driver/stm32f3xx_hal_cortex.o
                0x0000000008006272                HAL_NVIC_EnableIRQ
 .text.HAL_SYSTICK_Config
                0x000000000800628e       0x18 Drivers/STM32F3xx_HAL_Driver/stm32f3xx_hal_cortex.o
                0x000000000800628e                HAL_SYSTICK_Config
 .text.HAL_SYSTICK_IRQHandler
                0x00000000080062a6        0xc Drivers/STM32F3xx_HAL_Driver/stm32f3xx_hal_cortex.o
                0x00000000080062a6                HAL_SYSTICK_IRQHandler
 .text.HAL_SYSTICK_Callback
                0x00000000080062b2        0xe Drivers/STM32F3xx_HAL_Driver/stm32f3xx_hal_cortex.o
                0x00000000080062b2                HAL_SYSTICK_Callback
 .text.HAL_GPIO_Init
                0x00000000080062c0      0x2f4 Drivers/STM32F3xx_HAL_Driver/stm32f3xx_hal_gpio.o
                0x00000000080062c0                HAL_GPIO_Init
 .text.HAL_RCC_OscConfig
                0x00000000080065b4      0xe10 Drivers/STM32F3xx_HAL_Driver/stm32f3xx_hal_rcc.o
                0x00000000080065b4                HAL_RCC_OscConfig
 .text.HAL_RCC_ClockConfig
                0x00000000080073c4      0x2f8 Drivers/STM32F3xx_HAL_Driver/stm32f3xx_hal_rcc.o
                0x00000000080073c4                HAL_RCC_ClockConfig
 .text.HAL_RCC_GetSysClockFreq
                0x00000000080076bc       0xd4 Drivers/STM32F3xx_HAL_Driver/stm32f3xx_hal_rcc.o
                0x00000000080076bc                HAL_RCC_GetSysClockFreq
 .text.HAL_RCC_GetHCLKFreq
                0x0000000008007790       0x18 Drivers/STM32F3xx_HAL_Driver/stm32f3xx_hal_rcc.o
                0x0000000008007790                HAL_RCC_GetHCLKFreq
 .text.HAL_RCC_GetPCLK1Freq
                0x00000000080077a8       0x44 Drivers/STM32F3xx_HAL_Driver/stm32f3xx_hal_rcc.o
                0x00000000080077a8                HAL_RCC_GetPCLK1Freq
 .text.HAL_RCC_GetPCLK2Freq
                0x00000000080077ec       0x44 Drivers/STM32F3xx_HAL_Driver/stm32f3xx_hal_rcc.o
                0x00000000080077ec                HAL_RCC_GetPCLK2Freq
 .text.HAL_RCCEx_PeriphCLKConfig
                0x0000000008007830      0x360 Drivers/STM32F3xx_HAL_Driver/stm32f3xx_hal_rcc_ex.o
                0x0000000008007830                HAL_RCCEx_PeriphCLKConfig
 .text.HAL_TIM_Base_Init
                0x0000000008007b90       0x56 Drivers/STM32F3xx_HAL_Driver/stm32f3xx_hal_tim.o
                0x0000000008007b90                HAL_TIM_Base_Init
 .text.HAL_TIM_PWM_Init
                0x0000000008007be6       0x56 Drivers/STM32F3xx_HAL_Driver/stm32f3xx_hal_tim.o
                0x0000000008007be6                HAL_TIM_PWM_Init
 .text.HAL_TIM_PWM_MspInit
                0x0000000008007c3c       0x14 Drivers/STM32F3xx_HAL_Driver/stm32f3xx_hal_tim.o
                0x0000000008007c3c                HAL_TIM_PWM_MspInit
 .text.HAL_TIM_PWM_ConfigChannel
                0x0000000008007c50      0x230 Drivers/STM32F3xx_HAL_Driver/stm32f3xx_hal_tim.o
                0x0000000008007c50                HAL_TIM_PWM_ConfigChannel
 .text.HAL_TIM_SlaveConfigSynchro
                0x0000000008007e80       0x84 Drivers/STM32F3xx_HAL_Driver/stm32f3xx_hal_tim.o
                0x0000000008007e80                HAL_TIM_SlaveConfigSynchro
 .text.TIM_Base_SetConfig
                0x0000000008007f04      0x120 Drivers/STM32F3xx_HAL_Driver/stm32f3xx_hal_tim.o
                0x0000000008007f04                TIM_Base_SetConfig
 .text.TIM_OC1_SetConfig
                0x0000000008008024      0x120 Drivers/STM32F3xx_HAL_Driver/stm32f3xx_hal_tim.o
 .text.TIM_OC2_SetConfig
                0x0000000008008144      0x114 Drivers/STM32F3xx_HAL_Driver/stm32f3xx_hal_tim.o
                0x0000000008008144                TIM_OC2_SetConfig
 .text.TIM_OC3_SetConfig
                0x0000000008008258      0x110 Drivers/STM32F3xx_HAL_Driver/stm32f3xx_hal_tim.o
 .text.TIM_OC4_SetConfig
                0x0000000008008368       0xd4 Drivers/STM32F3xx_HAL_Driver/stm32f3xx_hal_tim.o
 .text.TIM_OC5_SetConfig
                0x000000000800843c       0xc8 Drivers/STM32F3xx_HAL_Driver/stm32f3xx_hal_tim.o
 .text.TIM_OC6_SetConfig
                0x0000000008008504       0xcc Drivers/STM32F3xx_HAL_Driver/stm32f3xx_hal_tim.o
 .text.TIM_SlaveTimer_SetConfig
                0x00000000080085d0      0x110 Drivers/STM32F3xx_HAL_Driver/stm32f3xx_hal_tim.o
 .text.TIM_TI1_ConfigInputStage
                0x00000000080086e0       0x5e Drivers/STM32F3xx_HAL_Driver/stm32f3xx_hal_tim.o
 .text.TIM_TI2_ConfigInputStage
                0x000000000800873e       0x60 Drivers/STM32F3xx_HAL_Driver/stm32f3xx_hal_tim.o
 .text.TIM_ETR_SetConfig
                0x000000000800879e       0x40 Drivers/STM32F3xx_HAL_Driver/stm32f3xx_hal_tim.o
                0x000000000800879e                TIM_ETR_SetConfig
 *fill*         0x00000000080087de        0x2 
 .text.HAL_TIMEx_MasterConfigSynchronization
                0x00000000080087e0      0x100 Drivers/STM32F3xx_HAL_Driver/stm32f3xx_hal_tim_ex.o
                0x00000000080087e0                HAL_TIMEx_MasterConfigSynchronization
 .text.HAL_TIMEx_ConfigBreakDeadTime
                0x00000000080088e0       0xfc Drivers/STM32F3xx_HAL_Driver/stm32f3xx_hal_tim_ex.o
                0x00000000080088e0                HAL_TIMEx_ConfigBreakDeadTime
 .text.HAL_UART_Init
                0x00000000080089dc       0x9c Drivers/STM32F3xx_HAL_Driver/stm32f3xx_hal_uart.o
                0x00000000080089dc                HAL_UART_Init
 .text.UART_SetConfig
                0x0000000008008a78      0x434 Drivers/STM32F3xx_HAL_Driver/stm32f3xx_hal_uart.o
                0x0000000008008a78                UART_SetConfig
 .text.UART_AdvFeatureConfig
                0x0000000008008eac      0x144 Drivers/STM32F3xx_HAL_Driver/stm32f3xx_hal_uart.o
                0x0000000008008eac                UART_AdvFeatureConfig
 .text.UART_CheckIdleState
                0x0000000008008ff0       0x8a Drivers/STM32F3xx_HAL_Driver/stm32f3xx_hal_uart.o
                0x0000000008008ff0                UART_CheckIdleState
 .text.UART_WaitOnFlagUntilTimeout
                0x000000000800907a       0xf6 Drivers/STM32F3xx_HAL_Driver/stm32f3xx_hal_uart.o
                0x000000000800907a                UART_WaitOnFlagUntilTimeout
 .text.VBS_GetAvBusVoltage_d
                0x0000000008009170       0x18 Middlewares/MotorControl/bus_voltage_sensor.o
                0x0000000008009170                VBS_GetAvBusVoltage_d
 .text.VBS_GetAvBusVoltage_V
                0x0000000008009188       0x32 Middlewares/MotorControl/bus_voltage_sensor.o
                0x0000000008009188                VBS_GetAvBusVoltage_V
 .text.Circle_Limitation
                0x00000000080091ba       0xc2 Middlewares/MotorControl/circle_limitation.o
                0x00000000080091ba                Circle_Limitation
 .text.FCP_Init
                0x000000000800927c       0x66 Middlewares/MotorControl/frame_communication_protocol.o
                0x000000000800927c                FCP_Init
 .text.FCP_SetClient
                0x00000000080092e2       0x38 Middlewares/MotorControl/frame_communication_protocol.o
                0x00000000080092e2                FCP_SetClient
 .text.FCP_CalcCRC
                0x000000000800931a       0x74 Middlewares/MotorControl/frame_communication_protocol.o
                0x000000000800931a                FCP_CalcCRC
 .text.MPM_Clear
                0x000000000800938e       0x40 Middlewares/MotorControl/motor_power_measurement.o
                0x000000000800938e                MPM_Clear
 .text.MPM_CalcElMotorPower
                0x00000000080093ce       0x96 Middlewares/MotorControl/motor_power_measurement.o
                0x00000000080093ce                MPM_CalcElMotorPower
 .text.MPM_GetAvrgElMotorPowerW
                0x0000000008009464       0x1a Middlewares/MotorControl/motor_power_measurement.o
                0x0000000008009464                MPM_GetAvrgElMotorPowerW
 .text.NTC_SetFaultState
                0x000000000800947e       0x40 Middlewares/MotorControl/ntc_temperature_sensor.o
                0x000000000800947e                NTC_SetFaultState
 .text.NTC_Init
                0x00000000080094be       0x42 Middlewares/MotorControl/ntc_temperature_sensor.o
                0x00000000080094be                NTC_Init
 .text.NTC_Clear
                0x0000000008009500       0x1a Middlewares/MotorControl/ntc_temperature_sensor.o
                0x0000000008009500                NTC_Clear
 .text.NTC_CalcAvTemp
                0x000000000800951a       0x80 Middlewares/MotorControl/ntc_temperature_sensor.o
                0x000000000800951a                NTC_CalcAvTemp
 .text.NTC_GetAvTemp_C
                0x000000000800959a       0x62 Middlewares/MotorControl/ntc_temperature_sensor.o
                0x000000000800959a                NTC_GetAvTemp_C
 .text.PID_HandleInit
                0x00000000080095fc       0x3e Middlewares/MotorControl/pid_regulator.o
                0x00000000080095fc                PID_HandleInit
 .text.PID_SetKP
                0x000000000800963a       0x1e Middlewares/MotorControl/pid_regulator.o
                0x000000000800963a                PID_SetKP
 .text.PID_SetKI
                0x0000000008009658       0x1e Middlewares/MotorControl/pid_regulator.o
                0x0000000008009658                PID_SetKI
 .text.PID_GetKP
                0x0000000008009676       0x1a Middlewares/MotorControl/pid_regulator.o
                0x0000000008009676                PID_GetKP
 .text.PID_GetKI
                0x0000000008009690       0x1a Middlewares/MotorControl/pid_regulator.o
                0x0000000008009690                PID_GetKI
 .text.PID_SetIntegralTerm
                0x00000000080096aa       0x1c Middlewares/MotorControl/pid_regulator.o
                0x00000000080096aa                PID_SetIntegralTerm
 .text.PID_GetKPDivisor
                0x00000000080096c6       0x18 Middlewares/MotorControl/pid_regulator.o
                0x00000000080096c6                PID_GetKPDivisor
 .text.PID_GetKIDivisor
                0x00000000080096de       0x18 Middlewares/MotorControl/pid_regulator.o
                0x00000000080096de                PID_GetKIDivisor
 .text.PID_SetKD
                0x00000000080096f6       0x1e Middlewares/MotorControl/pid_regulator.o
                0x00000000080096f6                PID_SetKD
 .text.PID_GetKD
                0x0000000008009714       0x1a Middlewares/MotorControl/pid_regulator.o
                0x0000000008009714                PID_GetKD
 *fill*         0x000000000800972e        0x2 
 .text.PI_Controller
                0x0000000008009730      0x124 Middlewares/MotorControl/pid_regulator.o
                0x0000000008009730                PI_Controller
 .text.PQD_CalcElMotorPower
                0x0000000008009854       0xd4 Middlewares/MotorControl/pqd_motor_power_measurement.o
                0x0000000008009854                PQD_CalcElMotorPower
 .text.LL_APB1_GRP1_EnableClock
                0x0000000008009928       0x30 Middlewares/MotorControl/pwm_common.o
 .text.LL_APB1_GRP1_IsEnabledClock
                0x0000000008009958       0x2c Middlewares/MotorControl/pwm_common.o
 .text.LL_APB1_GRP1_DisableClock
                0x0000000008009984       0x28 Middlewares/MotorControl/pwm_common.o
 .text.LL_TIM_GetCounterMode
                0x00000000080099ac       0x1c Middlewares/MotorControl/pwm_common.o
 .text.LL_TIM_SetTriggerOutput
                0x00000000080099c8       0x26 Middlewares/MotorControl/pwm_common.o
 .text.LL_TIM_ClearFlag_CC1
                0x00000000080099ee       0x1c Middlewares/MotorControl/pwm_common.o
 .text.LL_TIM_IsActiveFlag_CC1
                0x0000000008009a0a       0x26 Middlewares/MotorControl/pwm_common.o
 .text.LL_TIM_GenerateEvent_UPDATE
                0x0000000008009a30       0x20 Middlewares/MotorControl/pwm_common.o
 .text.startTimers
                0x0000000008009a50       0x5a Middlewares/MotorControl/pwm_common.o
                0x0000000008009a50                startTimers
 .text.waitForPolarizationEnd
                0x0000000008009aaa       0x80 Middlewares/MotorControl/pwm_common.o
                0x0000000008009aaa                waitForPolarizationEnd
 .text.PWMC_GetPhaseCurrents
                0x0000000008009b2a       0x1c Middlewares/MotorControl/pwm_curr_fdbk.o
                0x0000000008009b2a                PWMC_GetPhaseCurrents
 .text.PWMC_SetPhaseVoltage
                0x0000000008009b46      0x412 Middlewares/MotorControl/pwm_curr_fdbk.o
                0x0000000008009b46                PWMC_SetPhaseVoltage
 .text.PWMC_SwitchOffPWM
                0x0000000008009f58       0x18 Middlewares/MotorControl/pwm_curr_fdbk.o
                0x0000000008009f58                PWMC_SwitchOffPWM
 .text.PWMC_CurrentReadingCalibr
                0x0000000008009f70       0x86 Middlewares/MotorControl/pwm_curr_fdbk.o
                0x0000000008009f70                PWMC_CurrentReadingCalibr
 .text.PWMC_CheckOverCurrent
                0x0000000008009ff6       0x1a Middlewares/MotorControl/pwm_curr_fdbk.o
                0x0000000008009ff6                PWMC_CheckOverCurrent
 .text.LL_DBGMCU_APB2_GRP1_FreezePeriph
                0x000000000800a010       0x24 Middlewares/MotorControl/r3_1_f30x_pwm_curr_fdbk.o
 .text.LL_ADC_INJ_SetSequencerDiscont
                0x000000000800a034       0x26 Middlewares/MotorControl/r3_1_f30x_pwm_curr_fdbk.o
 .text.LL_ADC_INJ_SetQueueMode
                0x000000000800a05a       0x26 Middlewares/MotorControl/r3_1_f30x_pwm_curr_fdbk.o
 .text.LL_ADC_EnableInternalRegulator
                0x000000000800a080       0x34 Middlewares/MotorControl/r3_1_f30x_pwm_curr_fdbk.o
 .text.LL_ADC_IsInternalRegulatorEnabled
                0x000000000800a0b4       0x28 Middlewares/MotorControl/r3_1_f30x_pwm_curr_fdbk.o
 .text.LL_ADC_Enable
                0x000000000800a0dc       0x28 Middlewares/MotorControl/r3_1_f30x_pwm_curr_fdbk.o
 .text.LL_ADC_IsEnabled
                0x000000000800a104       0x26 Middlewares/MotorControl/r3_1_f30x_pwm_curr_fdbk.o
 .text.LL_ADC_StartCalibration
                0x000000000800a12a       0x32 Middlewares/MotorControl/r3_1_f30x_pwm_curr_fdbk.o
 .text.LL_ADC_IsCalibrationOnGoing
                0x000000000800a15c       0x28 Middlewares/MotorControl/r3_1_f30x_pwm_curr_fdbk.o
 .text.LL_ADC_INJ_StartConversion
                0x000000000800a184       0x28 Middlewares/MotorControl/r3_1_f30x_pwm_curr_fdbk.o
 .text.LL_ADC_INJ_StopConversion
                0x000000000800a1ac       0x28 Middlewares/MotorControl/r3_1_f30x_pwm_curr_fdbk.o
 .text.LL_ADC_IsActiveFlag_ADRDY
                0x000000000800a1d4       0x26 Middlewares/MotorControl/r3_1_f30x_pwm_curr_fdbk.o
 .text.LL_ADC_ClearFlag_EOC
                0x000000000800a1fa       0x1a Middlewares/MotorControl/r3_1_f30x_pwm_curr_fdbk.o
 .text.LL_ADC_ClearFlag_JEOC
                0x000000000800a214       0x1a Middlewares/MotorControl/r3_1_f30x_pwm_curr_fdbk.o
 .text.LL_ADC_ClearFlag_JEOS
                0x000000000800a22e       0x1a Middlewares/MotorControl/r3_1_f30x_pwm_curr_fdbk.o
 .text.LL_ADC_EnableIT_JEOS
                0x000000000800a248       0x20 Middlewares/MotorControl/r3_1_f30x_pwm_curr_fdbk.o
 .text.LL_ADC_DisableIT_EOC
                0x000000000800a268       0x20 Middlewares/MotorControl/r3_1_f30x_pwm_curr_fdbk.o
 .text.LL_ADC_DisableIT_JEOC
                0x000000000800a288       0x20 Middlewares/MotorControl/r3_1_f30x_pwm_curr_fdbk.o
 .text.LL_TIM_DisableCounter
                0x000000000800a2a8       0x20 Middlewares/MotorControl/r3_1_f30x_pwm_curr_fdbk.o
 .text.LL_TIM_SetCounter
                0x000000000800a2c8       0x1c Middlewares/MotorControl/r3_1_f30x_pwm_curr_fdbk.o
 .text.LL_TIM_SetRepetitionCounter
                0x000000000800a2e4       0x1c Middlewares/MotorControl/r3_1_f30x_pwm_curr_fdbk.o
 .text.LL_TIM_CC_EnableChannel
                0x000000000800a300       0x22 Middlewares/MotorControl/r3_1_f30x_pwm_curr_fdbk.o
 .text.LL_TIM_CC_DisableChannel
                0x000000000800a322       0x24 Middlewares/MotorControl/r3_1_f30x_pwm_curr_fdbk.o
 *fill*         0x000000000800a346        0x2 
 .text.LL_TIM_OC_SetMode
                0x000000000800a348       0xb0 Middlewares/MotorControl/r3_1_f30x_pwm_curr_fdbk.o
 .text.LL_TIM_OC_EnablePreload
                0x000000000800a3f8       0x9c Middlewares/MotorControl/r3_1_f30x_pwm_curr_fdbk.o
 .text.LL_TIM_OC_DisablePreload
                0x000000000800a494       0x9c Middlewares/MotorControl/r3_1_f30x_pwm_curr_fdbk.o
 .text.LL_TIM_OC_SetCompareCH1
                0x000000000800a530       0x1c Middlewares/MotorControl/r3_1_f30x_pwm_curr_fdbk.o
 .text.LL_TIM_OC_SetCompareCH2
                0x000000000800a54c       0x1c Middlewares/MotorControl/r3_1_f30x_pwm_curr_fdbk.o
 .text.LL_TIM_OC_SetCompareCH3
                0x000000000800a568       0x1c Middlewares/MotorControl/r3_1_f30x_pwm_curr_fdbk.o
 .text.LL_TIM_OC_SetCompareCH4
                0x000000000800a584       0x1c Middlewares/MotorControl/r3_1_f30x_pwm_curr_fdbk.o
 .text.LL_TIM_SetTriggerOutput
                0x000000000800a5a0       0x26 Middlewares/MotorControl/r3_1_f30x_pwm_curr_fdbk.o
 .text.LL_TIM_EnableAllOutputs
                0x000000000800a5c6       0x20 Middlewares/MotorControl/r3_1_f30x_pwm_curr_fdbk.o
 .text.LL_TIM_DisableAllOutputs
                0x000000000800a5e6       0x20 Middlewares/MotorControl/r3_1_f30x_pwm_curr_fdbk.o
 .text.LL_TIM_ClearFlag_UPDATE
                0x000000000800a606       0x1c Middlewares/MotorControl/r3_1_f30x_pwm_curr_fdbk.o
 .text.LL_TIM_IsActiveFlag_UPDATE
                0x000000000800a622       0x26 Middlewares/MotorControl/r3_1_f30x_pwm_curr_fdbk.o
 .text.LL_TIM_ClearFlag_BRK
                0x000000000800a648       0x1c Middlewares/MotorControl/r3_1_f30x_pwm_curr_fdbk.o
 .text.LL_TIM_ClearFlag_BRK2
                0x000000000800a664       0x1c Middlewares/MotorControl/r3_1_f30x_pwm_curr_fdbk.o
 .text.LL_TIM_IsActiveFlag_BRK2
                0x000000000800a680       0x28 Middlewares/MotorControl/r3_1_f30x_pwm_curr_fdbk.o
 .text.LL_TIM_EnableIT_UPDATE
                0x000000000800a6a8       0x20 Middlewares/MotorControl/r3_1_f30x_pwm_curr_fdbk.o
 .text.LL_TIM_DisableIT_UPDATE
                0x000000000800a6c8       0x20 Middlewares/MotorControl/r3_1_f30x_pwm_curr_fdbk.o
 .text.LL_TIM_EnableIT_BRK
                0x000000000800a6e8       0x20 Middlewares/MotorControl/r3_1_f30x_pwm_curr_fdbk.o
 .text.LL_TIM_GenerateEvent_UPDATE
                0x000000000800a708       0x20 Middlewares/MotorControl/r3_1_f30x_pwm_curr_fdbk.o
 .text.LL_GPIO_SetOutputPin
                0x000000000800a728       0x1c Middlewares/MotorControl/r3_1_f30x_pwm_curr_fdbk.o
 .text.LL_GPIO_ResetOutputPin
                0x000000000800a744       0x1c Middlewares/MotorControl/r3_1_f30x_pwm_curr_fdbk.o
 .text.LL_DAC_Enable
                0x000000000800a760       0x2c Middlewares/MotorControl/r3_1_f30x_pwm_curr_fdbk.o
 .text.LL_DAC_IsEnabled
                0x000000000800a78c       0x3e Middlewares/MotorControl/r3_1_f30x_pwm_curr_fdbk.o
 .text.LL_DAC_TrigSWConversion
                0x000000000800a7ca       0x26 Middlewares/MotorControl/r3_1_f30x_pwm_curr_fdbk.o
 .text.LL_DAC_ConvertData12LeftAligned
                0x000000000800a7f0       0x50 Middlewares/MotorControl/r3_1_f30x_pwm_curr_fdbk.o
 .text.LL_COMP_GetInputMinus
                0x000000000800a840       0x1c Middlewares/MotorControl/r3_1_f30x_pwm_curr_fdbk.o
 .text.LL_COMP_Enable
                0x000000000800a85c       0x20 Middlewares/MotorControl/r3_1_f30x_pwm_curr_fdbk.o
 .text.LL_COMP_Lock
                0x000000000800a87c       0x20 Middlewares/MotorControl/r3_1_f30x_pwm_curr_fdbk.o
 .text.R3_1_Init
                0x000000000800a89c      0x184 Middlewares/MotorControl/r3_1_f30x_pwm_curr_fdbk.o
                0x000000000800a89c                R3_1_Init
 .text.R3_1_ADCxInit
                0x000000000800aa20       0x88 Middlewares/MotorControl/r3_1_f30x_pwm_curr_fdbk.o
 .text.R3_1_TIMxInit
                0x000000000800aaa8      0x122 Middlewares/MotorControl/r3_1_f30x_pwm_curr_fdbk.o
 *fill*         0x000000000800abca        0x2 
 .text.R3_1_CurrentReadingPolarization
                0x000000000800abcc      0x1a4 Middlewares/MotorControl/r3_1_f30x_pwm_curr_fdbk.o
                0x000000000800abcc                R3_1_CurrentReadingPolarization
 .text.R3_1_GetPhaseCurrents
                0x000000000800ad70      0x220 Middlewares/MotorControl/r3_1_f30x_pwm_curr_fdbk.o
                0x000000000800ad70                R3_1_GetPhaseCurrents
 .text.R3_1_SetADCSampPointPolarization
                0x000000000800af90       0x36 Middlewares/MotorControl/r3_1_f30x_pwm_curr_fdbk.o
                0x000000000800af90                R3_1_SetADCSampPointPolarization
 .text.R3_1_SetADCSampPointSectX
                0x000000000800afc6       0xbc Middlewares/MotorControl/r3_1_f30x_pwm_curr_fdbk.o
                0x000000000800afc6                R3_1_SetADCSampPointSectX
 .text.R3_1_WriteTIMRegisters
                0x000000000800b082       0x66 Middlewares/MotorControl/r3_1_f30x_pwm_curr_fdbk.o
 .text.R3_1_HFCurrentsPolarizationAB
                0x000000000800b0e8       0x90 Middlewares/MotorControl/r3_1_f30x_pwm_curr_fdbk.o
 .text.R3_1_HFCurrentsPolarizationC
                0x000000000800b178       0x6e Middlewares/MotorControl/r3_1_f30x_pwm_curr_fdbk.o
 .text.R3_1_TurnOnLowSides
                0x000000000800b1e6       0xac Middlewares/MotorControl/r3_1_f30x_pwm_curr_fdbk.o
                0x000000000800b1e6                R3_1_TurnOnLowSides
 .text.R3_1_SwitchOnPWM
                0x000000000800b292      0x142 Middlewares/MotorControl/r3_1_f30x_pwm_curr_fdbk.o
                0x000000000800b292                R3_1_SwitchOnPWM
 .text.R3_1_SwitchOffPWM
                0x000000000800b3d4       0xa2 Middlewares/MotorControl/r3_1_f30x_pwm_curr_fdbk.o
                0x000000000800b3d4                R3_1_SwitchOffPWM
 .text.R3_1_TIMx_UP_IRQHandler
                0x000000000800b476       0x52 Middlewares/MotorControl/r3_1_f30x_pwm_curr_fdbk.o
                0x000000000800b476                R3_1_TIMx_UP_IRQHandler
 .text.R3_1_BRK2_IRQHandler
                0x000000000800b4c8       0x7a Middlewares/MotorControl/r3_1_f30x_pwm_curr_fdbk.o
                0x000000000800b4c8                R3_1_BRK2_IRQHandler
 .text.R3_1_BRK_IRQHandler
                0x000000000800b542       0x3c Middlewares/MotorControl/r3_1_f30x_pwm_curr_fdbk.o
                0x000000000800b542                R3_1_BRK_IRQHandler
 .text.R3_1_IsOverCurrentOccurred
                0x000000000800b57e       0x4e Middlewares/MotorControl/r3_1_f30x_pwm_curr_fdbk.o
                0x000000000800b57e                R3_1_IsOverCurrentOccurred
 .text.R3_1_SetAOReferenceVoltage
                0x000000000800b5cc       0x94 Middlewares/MotorControl/r3_1_f30x_pwm_curr_fdbk.o
 .text.R3_1_RLDetectionModeEnable
                0x000000000800b660       0xec Middlewares/MotorControl/r3_1_f30x_pwm_curr_fdbk.o
                0x000000000800b660                R3_1_RLDetectionModeEnable
 .text.R3_1_RLDetectionModeDisable
                0x000000000800b74c      0x174 Middlewares/MotorControl/r3_1_f30x_pwm_curr_fdbk.o
                0x000000000800b74c                R3_1_RLDetectionModeDisable
 .text.R3_1_RLDetectionModeSetDuty
                0x000000000800b8c0       0x78 Middlewares/MotorControl/r3_1_f30x_pwm_curr_fdbk.o
                0x000000000800b8c0                R3_1_RLDetectionModeSetDuty
 .text.R3_1_RLGetPhaseCurrents
                0x000000000800b938       0x7c Middlewares/MotorControl/r3_1_f30x_pwm_curr_fdbk.o
 .text.R3_1_RLTurnOnLowSides
                0x000000000800b9b4       0x94 Middlewares/MotorControl/r3_1_f30x_pwm_curr_fdbk.o
 .text.R3_1_RLSwitchOnPWM
                0x000000000800ba48      0x140 Middlewares/MotorControl/r3_1_f30x_pwm_curr_fdbk.o
 .text.RVBS_Init
                0x000000000800bb88       0x2a Middlewares/MotorControl/r_divider_bus_voltage_sensor.o
                0x000000000800bb88                RVBS_Init
 .text.RVBS_Clear
                0x000000000800bbb2       0x5c Middlewares/MotorControl/r_divider_bus_voltage_sensor.o
                0x000000000800bbb2                RVBS_Clear
 .text.RVBS_ConvertVbusFiltrered
                0x000000000800bc0e       0x9c Middlewares/MotorControl/r_divider_bus_voltage_sensor.o
 .text.RVBS_CalcAvVbusFilt
                0x000000000800bcaa       0xc0 Middlewares/MotorControl/r_divider_bus_voltage_sensor.o
                0x000000000800bcaa                RVBS_CalcAvVbusFilt
 .text.RVBS_CheckFaultState
                0x000000000800bd6a       0x3e Middlewares/MotorControl/r_divider_bus_voltage_sensor.o
                0x000000000800bd6a                RVBS_CheckFaultState
 .text.REMNG_Init
                0x000000000800bda8       0x32 Middlewares/MotorControl/ramp_ext_mngr.o
                0x000000000800bda8                REMNG_Init
 .text.REMNG_Calc
                0x000000000800bdda       0x6a Middlewares/MotorControl/ramp_ext_mngr.o
                0x000000000800bdda                REMNG_Calc
 .text.REMNG_ExecRamp
                0x000000000800be44      0x114 Middlewares/MotorControl/ramp_ext_mngr.o
                0x000000000800be44                REMNG_ExecRamp
 .text.REMNG_RampCompleted
                0x000000000800bf58       0x26 Middlewares/MotorControl/ramp_ext_mngr.o
                0x000000000800bf58                REMNG_RampCompleted
 .text.getScalingFactor
                0x000000000800bf7e       0x60 Middlewares/MotorControl/ramp_ext_mngr.o
                0x000000000800bf7e                getScalingFactor
 .text.SPD_GetElAngle
                0x000000000800bfde       0x1a Middlewares/MotorControl/speed_pos_fdbk.o
                0x000000000800bfde                SPD_GetElAngle
 .text.SPD_GetAvrgMecSpeedUnit
                0x000000000800bff8       0x1a Middlewares/MotorControl/speed_pos_fdbk.o
                0x000000000800bff8                SPD_GetAvrgMecSpeedUnit
 .text.SPD_GetInstElSpeedDpp
                0x000000000800c012       0x1a Middlewares/MotorControl/speed_pos_fdbk.o
                0x000000000800c012                SPD_GetInstElSpeedDpp
 .text.SPD_IsMecSpeedReliable
                0x000000000800c02c       0xd6 Middlewares/MotorControl/speed_pos_fdbk.o
                0x000000000800c02c                SPD_IsMecSpeedReliable
 .text.SPD_GetS16Speed
                0x000000000800c102       0x3a Middlewares/MotorControl/speed_pos_fdbk.o
                0x000000000800c102                SPD_GetS16Speed
 .text.STC_Init
                0x000000000800c13c       0x58 Middlewares/MotorControl/speed_torq_ctrl.o
                0x000000000800c13c                STC_Init
 .text.STC_SetSpeedSensor
                0x000000000800c194       0x1c Middlewares/MotorControl/speed_torq_ctrl.o
                0x000000000800c194                STC_SetSpeedSensor
 .text.STC_GetSpeedSensor
                0x000000000800c1b0       0x18 Middlewares/MotorControl/speed_torq_ctrl.o
                0x000000000800c1b0                STC_GetSpeedSensor
 .text.STC_Clear
                0x000000000800c1c8       0x24 Middlewares/MotorControl/speed_torq_ctrl.o
                0x000000000800c1c8                STC_Clear
 .text.STC_GetMecSpeedRefUnit
                0x000000000800c1ec       0x26 Middlewares/MotorControl/speed_torq_ctrl.o
                0x000000000800c1ec                STC_GetMecSpeedRefUnit
 .text.STC_GetTorqueRef
                0x000000000800c212       0x26 Middlewares/MotorControl/speed_torq_ctrl.o
                0x000000000800c212                STC_GetTorqueRef
 .text.STC_SetControlMode
                0x000000000800c238       0x24 Middlewares/MotorControl/speed_torq_ctrl.o
                0x000000000800c238                STC_SetControlMode
 .text.STC_ExecRamp
                0x000000000800c25c      0x138 Middlewares/MotorControl/speed_torq_ctrl.o
                0x000000000800c25c                STC_ExecRamp
 .text.STC_StopRamp
                0x000000000800c394       0x20 Middlewares/MotorControl/speed_torq_ctrl.o
                0x000000000800c394                STC_StopRamp
 .text.STC_CalcTorqueReference
                0x000000000800c3b4       0xd0 Middlewares/MotorControl/speed_torq_ctrl.o
                0x000000000800c3b4                STC_CalcTorqueReference
 .text.STC_GetMecSpeedRefUnitDefault
                0x000000000800c484       0x1a Middlewares/MotorControl/speed_torq_ctrl.o
                0x000000000800c484                STC_GetMecSpeedRefUnitDefault
 .text.STC_GetMaxAppPositiveMecSpeedUnit
                0x000000000800c49e       0x18 Middlewares/MotorControl/speed_torq_ctrl.o
                0x000000000800c49e                STC_GetMaxAppPositiveMecSpeedUnit
 .text.STC_GetMinAppNegativeMecSpeedUnit
                0x000000000800c4b6       0x1a Middlewares/MotorControl/speed_torq_ctrl.o
                0x000000000800c4b6                STC_GetMinAppNegativeMecSpeedUnit
 .text.STC_GetDefaultIqdref
                0x000000000800c4d0       0x36 Middlewares/MotorControl/speed_torq_ctrl.o
                0x000000000800c4d0                STC_GetDefaultIqdref
 .text.STC_ForceSpeedReferenceToCurrentSpeed
                0x000000000800c506       0x22 Middlewares/MotorControl/speed_torq_ctrl.o
                0x000000000800c506                STC_ForceSpeedReferenceToCurrentSpeed
 .text.STM_Init
                0x000000000800c528       0x26 Middlewares/MotorControl/state_machine.o
                0x000000000800c528                STM_Init
 *fill*         0x000000000800c54e        0x2 
 .text.STM_NextState
                0x000000000800c550      0x2c4 Middlewares/MotorControl/state_machine.o
                0x000000000800c550                STM_NextState
 .text.STM_FaultProcessing
                0x000000000800c814       0x7c Middlewares/MotorControl/state_machine.o
                0x000000000800c814                STM_FaultProcessing
 .text.STM_GetState
                0x000000000800c890       0x18 Middlewares/MotorControl/state_machine.o
                0x000000000800c890                STM_GetState
 .text.STM_FaultAcknowledged
                0x000000000800c8a8       0x32 Middlewares/MotorControl/state_machine.o
                0x000000000800c8a8                STM_FaultAcknowledged
 .text.STM_GetFaultState
                0x000000000800c8da       0x28 Middlewares/MotorControl/state_machine.o
                0x000000000800c8da                STM_GetFaultState
 .text.LL_USART_EnableIT_RXNE
                0x000000000800c902       0x20 Middlewares/MotorControl/usart_frame_communication_protocol.o
 .text.LL_USART_EnableIT_TXE
                0x000000000800c922       0x20 Middlewares/MotorControl/usart_frame_communication_protocol.o
 .text.LL_USART_DisableIT_RXNE
                0x000000000800c942       0x20 Middlewares/MotorControl/usart_frame_communication_protocol.o
 .text.LL_USART_DisableIT_TXE
                0x000000000800c962       0x20 Middlewares/MotorControl/usart_frame_communication_protocol.o
 .text.LL_USART_TransmitData8
                0x000000000800c982       0x20 Middlewares/MotorControl/usart_frame_communication_protocol.o
 .text.UFCP_Init
                0x000000000800c9a2       0x18 Middlewares/MotorControl/usart_frame_communication_protocol.o
                0x000000000800c9a2                UFCP_Init
 *fill*         0x000000000800c9ba        0x2 
 .text.UFCP_RX_IRQ_Handler
                0x000000000800c9bc      0x148 Middlewares/MotorControl/usart_frame_communication_protocol.o
                0x000000000800c9bc                UFCP_RX_IRQ_Handler
 .text.UFCP_TX_IRQ_Handler
                0x000000000800cb04       0xc0 Middlewares/MotorControl/usart_frame_communication_protocol.o
                0x000000000800cb04                UFCP_TX_IRQ_Handler
 .text.UFCP_OVR_IRQ_Handler
                0x000000000800cbc4       0x26 Middlewares/MotorControl/usart_frame_communication_protocol.o
                0x000000000800cbc4                UFCP_OVR_IRQ_Handler
 .text.UFCP_Receive
                0x000000000800cbea       0x46 Middlewares/MotorControl/usart_frame_communication_protocol.o
                0x000000000800cbea                UFCP_Receive
 .text.UFCP_Send
                0x000000000800cc30       0x94 Middlewares/MotorControl/usart_frame_communication_protocol.o
                0x000000000800cc30                UFCP_Send
 .text.UFCP_AbortReceive
                0x000000000800ccc4       0x1c Middlewares/MotorControl/usart_frame_communication_protocol.o
                0x000000000800ccc4                UFCP_AbortReceive
 .text.VSS_Init
                0x000000000800cce0       0x16 Middlewares/MotorControl/virtual_speed_sensor.o
                0x000000000800cce0                VSS_Init
 .text.VSS_Clear
                0x000000000800ccf6       0x80 Middlewares/MotorControl/virtual_speed_sensor.o
                0x000000000800ccf6                VSS_Clear
 .text.VSS_CalcElAngle
                0x000000000800cd76      0x16c Middlewares/MotorControl/virtual_speed_sensor.o
                0x000000000800cd76                VSS_CalcElAngle
 .text.VSS_CalcAvrgMecSpeedUnit
                0x000000000800cee2      0x12a Middlewares/MotorControl/virtual_speed_sensor.o
                0x000000000800cee2                VSS_CalcAvrgMecSpeedUnit
 .text.VSS_SetMecAngle
                0x000000000800d00c       0x3a Middlewares/MotorControl/virtual_speed_sensor.o
                0x000000000800d00c                VSS_SetMecAngle
 *fill*         0x000000000800d046        0x2 
 .text.VSS_SetMecAcceleration
                0x000000000800d048      0x110 Middlewares/MotorControl/virtual_speed_sensor.o
                0x000000000800d048                VSS_SetMecAcceleration
 .text.VSS_SetStartTransition
                0x000000000800d158       0x48 Middlewares/MotorControl/virtual_speed_sensor.o
                0x000000000800d158                VSS_SetStartTransition
 .text.VSS_TransitionEnded
                0x000000000800d1a0       0x1a Middlewares/MotorControl/virtual_speed_sensor.o
                0x000000000800d1a0                VSS_TransitionEnded
 *fill*         0x000000000800d1ba        0x2 
 .text.RUC_Init
                0x000000000800d1bc       0x7c ../../MCSDK_v5.4.3/MotorControl/lib\libmc-gcc_M4_NoCCMRAM.lib(revup_ctrl.o)
                0x000000000800d1bc                RUC_Init
 .text.RUC_Clear
                0x000000000800d238       0x90 ../../MCSDK_v5.4.3/MotorControl/lib\libmc-gcc_M4_NoCCMRAM.lib(revup_ctrl.o)
                0x000000000800d238                RUC_Clear
 .text.RUC_Exec
                0x000000000800d2c8       0x70 ../../MCSDK_v5.4.3/MotorControl/lib\libmc-gcc_M4_NoCCMRAM.lib(revup_ctrl.o)
                0x000000000800d2c8                RUC_Exec
 .text.RUC_FirstAccelerationStageReached
                0x000000000800d338       0x14 ../../MCSDK_v5.4.3/MotorControl/lib\libmc-gcc_M4_NoCCMRAM.lib(revup_ctrl.o)
                0x000000000800d338                RUC_FirstAccelerationStageReached
 .text.RUC_SetPhaseDurationms
                0x000000000800d34c        0xc ../../MCSDK_v5.4.3/MotorControl/lib\libmc-gcc_M4_NoCCMRAM.lib(revup_ctrl.o)
                0x000000000800d34c                RUC_SetPhaseDurationms
 .text.RUC_SetPhaseFinalMecSpeedUnit
                0x000000000800d358        0xc ../../MCSDK_v5.4.3/MotorControl/lib\libmc-gcc_M4_NoCCMRAM.lib(revup_ctrl.o)
                0x000000000800d358                RUC_SetPhaseFinalMecSpeedUnit
 .text.RUC_SetPhaseFinalTorque
                0x000000000800d364        0xc ../../MCSDK_v5.4.3/MotorControl/lib\libmc-gcc_M4_NoCCMRAM.lib(revup_ctrl.o)
                0x000000000800d364                RUC_SetPhaseFinalTorque
 .text.RUC_GetPhaseDurationms
                0x000000000800d370        0xc ../../MCSDK_v5.4.3/MotorControl/lib\libmc-gcc_M4_NoCCMRAM.lib(revup_ctrl.o)
                0x000000000800d370                RUC_GetPhaseDurationms
 .text.RUC_GetPhaseFinalMecSpeedUnit
                0x000000000800d37c       0x10 ../../MCSDK_v5.4.3/MotorControl/lib\libmc-gcc_M4_NoCCMRAM.lib(revup_ctrl.o)
                0x000000000800d37c                RUC_GetPhaseFinalMecSpeedUnit
 .text.RUC_GetPhaseFinalTorque
                0x000000000800d38c       0x10 ../../MCSDK_v5.4.3/MotorControl/lib\libmc-gcc_M4_NoCCMRAM.lib(revup_ctrl.o)
                0x000000000800d38c                RUC_GetPhaseFinalTorque
 .text.RUC_GetNumberOfPhases
                0x000000000800d39c        0x8 ../../MCSDK_v5.4.3/MotorControl/lib\libmc-gcc_M4_NoCCMRAM.lib(revup_ctrl.o)
                0x000000000800d39c                RUC_GetNumberOfPhases
 .text.STO_PLL_CalcElAngle
                0x000000000800d3a4      0x1d4 ../../MCSDK_v5.4.3/MotorControl/lib\libmc-gcc_M4_NoCCMRAM.lib(sto_pll_speed_pos_fdbk.o)
                0x000000000800d3a4                STO_PLL_CalcElAngle
 .text.STO_PLL_CalcAvrgMecSpeedUnit
                0x000000000800d578      0x144 ../../MCSDK_v5.4.3/MotorControl/lib\libmc-gcc_M4_NoCCMRAM.lib(sto_pll_speed_pos_fdbk.o)
                0x000000000800d578                STO_PLL_CalcAvrgMecSpeedUnit
 .text.STO_PLL_CalcAvrgElSpeedDpp
                0x000000000800d6bc       0x60 ../../MCSDK_v5.4.3/MotorControl/lib\libmc-gcc_M4_NoCCMRAM.lib(sto_pll_speed_pos_fdbk.o)
                0x000000000800d6bc                STO_PLL_CalcAvrgElSpeedDpp
 .text.STO_PLL_Clear
                0x000000000800d71c       0x60 ../../MCSDK_v5.4.3/MotorControl/lib\libmc-gcc_M4_NoCCMRAM.lib(sto_pll_speed_pos_fdbk.o)
                0x000000000800d71c                STO_PLL_Clear
 .text.STO_PLL_Init
                0x000000000800d77c       0x70 ../../MCSDK_v5.4.3/MotorControl/lib\libmc-gcc_M4_NoCCMRAM.lib(sto_pll_speed_pos_fdbk.o)
                0x000000000800d77c                STO_PLL_Init
 .text.STO_PLL_IsObserverConverged
                0x000000000800d7ec       0xac ../../MCSDK_v5.4.3/MotorControl/lib\libmc-gcc_M4_NoCCMRAM.lib(sto_pll_speed_pos_fdbk.o)
                0x000000000800d7ec                STO_PLL_IsObserverConverged
 .text.STO_PLL_GetEstimatedBemf
                0x000000000800d898       0x18 ../../MCSDK_v5.4.3/MotorControl/lib\libmc-gcc_M4_NoCCMRAM.lib(sto_pll_speed_pos_fdbk.o)
                0x000000000800d898                STO_PLL_GetEstimatedBemf
 .text.STO_PLL_GetEstimatedCurrent
                0x000000000800d8b0       0x28 ../../MCSDK_v5.4.3/MotorControl/lib\libmc-gcc_M4_NoCCMRAM.lib(sto_pll_speed_pos_fdbk.o)
                0x000000000800d8b0                STO_PLL_GetEstimatedCurrent
 .text.STO_PLL_GetObserverGains
                0x000000000800d8d8       0x10 ../../MCSDK_v5.4.3/MotorControl/lib\libmc-gcc_M4_NoCCMRAM.lib(sto_pll_speed_pos_fdbk.o)
                0x000000000800d8d8                STO_PLL_GetObserverGains
 .text.STO_PLL_SetObserverGains
                0x000000000800d8e8        0x8 ../../MCSDK_v5.4.3/MotorControl/lib\libmc-gcc_M4_NoCCMRAM.lib(sto_pll_speed_pos_fdbk.o)
                0x000000000800d8e8                STO_PLL_SetObserverGains
 .text.STO_GetPLLGains
                0x000000000800d8f0       0x1c ../../MCSDK_v5.4.3/MotorControl/lib\libmc-gcc_M4_NoCCMRAM.lib(sto_pll_speed_pos_fdbk.o)
                0x000000000800d8f0                STO_GetPLLGains
 .text.STO_SetPLLGains
                0x000000000800d90c       0x1c ../../MCSDK_v5.4.3/MotorControl/lib\libmc-gcc_M4_NoCCMRAM.lib(sto_pll_speed_pos_fdbk.o)
                0x000000000800d90c                STO_SetPLLGains
 .text.STO_OTF_ResetPLL
                0x000000000800d928        0xc ../../MCSDK_v5.4.3/MotorControl/lib\libmc-gcc_M4_NoCCMRAM.lib(sto_pll_speed_pos_fdbk.o)
                0x000000000800d928                STO_OTF_ResetPLL
 .text.STO_ResetPLL
                0x000000000800d934        0x8 ../../MCSDK_v5.4.3/MotorControl/lib\libmc-gcc_M4_NoCCMRAM.lib(sto_pll_speed_pos_fdbk.o)
                0x000000000800d934                STO_ResetPLL
 .text.STO_PLL_GetEstimatedBemfLevel
                0x000000000800d93c        0x8 ../../MCSDK_v5.4.3/MotorControl/lib\libmc-gcc_M4_NoCCMRAM.lib(sto_pll_speed_pos_fdbk.o)
                0x000000000800d93c                STO_PLL_GetEstimatedBemfLevel
 .text.STO_PLL_GetObservedBemfLevel
                0x000000000800d944        0x8 ../../MCSDK_v5.4.3/MotorControl/lib\libmc-gcc_M4_NoCCMRAM.lib(sto_pll_speed_pos_fdbk.o)
                0x000000000800d944                STO_PLL_GetObservedBemfLevel
 .text.STO_PLL_IsVarianceTight
                0x000000000800d94c        0x8 ../../MCSDK_v5.4.3/MotorControl/lib\libmc-gcc_M4_NoCCMRAM.lib(sto_pll_speed_pos_fdbk.o)
                0x000000000800d94c                STO_PLL_IsVarianceTight
 .text.STO_PLL_ForceConvergency1
                0x000000000800d954        0xc ../../MCSDK_v5.4.3/MotorControl/lib\libmc-gcc_M4_NoCCMRAM.lib(sto_pll_speed_pos_fdbk.o)
                0x000000000800d954                STO_PLL_ForceConvergency1
 .text.STO_PLL_ForceConvergency2
                0x000000000800d960        0xc ../../MCSDK_v5.4.3/MotorControl/lib\libmc-gcc_M4_NoCCMRAM.lib(sto_pll_speed_pos_fdbk.o)
                0x000000000800d960                STO_PLL_ForceConvergency2
 .text.__libc_init_array
                0x000000000800d96c       0x48 d:/st/stm32cubeide_1.3.0/stm32cubeide/plugins/com.st.stm32cube.ide.mcu.externaltools.gnu-tools-for-stm32.7-2018-q2-update.win32_1.0.0.201904181610/tools/bin/../lib/gcc/arm-none-eabi/7.3.1/../../../../arm-none-eabi/lib/thumb/v7e-m/fpv4-sp/hard\libc_nano.a(lib_a-init.o)
                0x000000000800d96c                __libc_init_array
 .text.memset   0x000000000800d9b4       0x10 d:/st/stm32cubeide_1.3.0/stm32cubeide/plugins/com.st.stm32cube.ide.mcu.externaltools.gnu-tools-for-stm32.7-2018-q2-update.win32_1.0.0.201904181610/tools/bin/../lib/gcc/arm-none-eabi/7.3.1/../../../../arm-none-eabi/lib/thumb/v7e-m/fpv4-sp/hard\libc_nano.a(lib_a-memset.o)
                0x000000000800d9b4                memset
 *(.glue_7)
 .glue_7        0x000000000800d9c4        0x0 linker stubs
 *(.glue_7t)
 .glue_7t       0x000000000800d9c4        0x0 linker stubs
 *(.eh_frame)
 .eh_frame      0x000000000800d9c4        0x0 d:/st/stm32cubeide_1.3.0/stm32cubeide/plugins/com.st.stm32cube.ide.mcu.externaltools.gnu-tools-for-stm32.7-2018-q2-update.win32_1.0.0.201904181610/tools/bin/../lib/gcc/arm-none-eabi/7.3.1/thumb/v7e-m/fpv4-sp/hard/crtbegin.o
 *(.init)
 .init          0x000000000800d9c4        0x4 d:/st/stm32cubeide_1.3.0/stm32cubeide/plugins/com.st.stm32cube.ide.mcu.externaltools.gnu-tools-for-stm32.7-2018-q2-update.win32_1.0.0.201904181610/tools/bin/../lib/gcc/arm-none-eabi/7.3.1/thumb/v7e-m/fpv4-sp/hard/crti.o
                0x000000000800d9c4                _init
 .init          0x000000000800d9c8        0x8 d:/st/stm32cubeide_1.3.0/stm32cubeide/plugins/com.st.stm32cube.ide.mcu.externaltools.gnu-tools-for-stm32.7-2018-q2-update.win32_1.0.0.201904181610/tools/bin/../lib/gcc/arm-none-eabi/7.3.1/thumb/v7e-m/fpv4-sp/hard/crtn.o
 *(.fini)
 .fini          0x000000000800d9d0        0x4 d:/st/stm32cubeide_1.3.0/stm32cubeide/plugins/com.st.stm32cube.ide.mcu.externaltools.gnu-tools-for-stm32.7-2018-q2-update.win32_1.0.0.201904181610/tools/bin/../lib/gcc/arm-none-eabi/7.3.1/thumb/v7e-m/fpv4-sp/hard/crti.o
                0x000000000800d9d0                _fini
 .fini          0x000000000800d9d4        0x8 d:/st/stm32cubeide_1.3.0/stm32cubeide/plugins/com.st.stm32cube.ide.mcu.externaltools.gnu-tools-for-stm32.7-2018-q2-update.win32_1.0.0.201904181610/tools/bin/../lib/gcc/arm-none-eabi/7.3.1/thumb/v7e-m/fpv4-sp/hard/crtn.o
                0x000000000800d9dc                . = ALIGN (0x4)
                0x000000000800d9dc                _etext = .

.vfp11_veneer   0x000000000800d9dc        0x0
 .vfp11_veneer  0x000000000800d9dc        0x0 linker stubs

.v4_bx          0x000000000800d9dc        0x0
 .v4_bx         0x000000000800d9dc        0x0 linker stubs

.iplt           0x000000000800d9dc        0x0
 .iplt          0x000000000800d9dc        0x0 d:/st/stm32cubeide_1.3.0/stm32cubeide/plugins/com.st.stm32cube.ide.mcu.externaltools.gnu-tools-for-stm32.7-2018-q2-update.win32_1.0.0.201904181610/tools/bin/../lib/gcc/arm-none-eabi/7.3.1/thumb/v7e-m/fpv4-sp/hard/crtbegin.o

.rodata         0x000000000800d9dc      0x2f8
                0x000000000800d9dc                . = ALIGN (0x4)
 *(.rodata)
 *(.rodata*)
 .rodata.hSin_Cos_Table
                0x000000000800d9dc      0x200 Application/User/mc_math.o
                0x000000000800d9dc                hSin_Cos_Table
 .rodata.R3_1_ParamsM1
                0x000000000800dbdc       0x84 Application/User/mc_parameters.o
                0x000000000800dbdc                R3_1_ParamsM1
 .rodata.s_fwVer
                0x000000000800dc60       0x20 Application/User/motorcontrol.o
                0x000000000800dc60                s_fwVer
 .rodata.AHBPrescTable
                0x000000000800dc80       0x10 Drivers/CMSIS/system_stm32f3xx.o
                0x000000000800dc80                AHBPrescTable
 .rodata.APBPrescTable
                0x000000000800dc90        0x8 Drivers/CMSIS/system_stm32f3xx.o
                0x000000000800dc90                APBPrescTable
 .rodata.aPLLMULFactorTable
                0x000000000800dc98       0x10 Drivers/STM32F3xx_HAL_Driver/stm32f3xx_hal_rcc.o
                0x000000000800dc98                aPLLMULFactorTable
 .rodata.aPredivFactorTable
                0x000000000800dca8       0x10 Drivers/STM32F3xx_HAL_Driver/stm32f3xx_hal_rcc.o
                0x000000000800dca8                aPredivFactorTable
 .rodata.OFFSET_TAB_CCMRx
                0x000000000800dcb8        0x9 Middlewares/MotorControl/r3_1_f30x_pwm_curr_fdbk.o
 *fill*         0x000000000800dcc1        0x3 
 .rodata.SHIFT_TAB_OCxx
                0x000000000800dcc4        0x9 Middlewares/MotorControl/r3_1_f30x_pwm_curr_fdbk.o
 *fill*         0x000000000800dccd        0x1 
 .rodata.UFCP_Usart_Timeout_none
                0x000000000800dcce        0x2 Middlewares/MotorControl/usart_frame_communication_protocol.o
 .rodata.UFCP_Usart_Timeout_start
                0x000000000800dcd0        0x2 Middlewares/MotorControl/usart_frame_communication_protocol.o
 .rodata.UFCP_Usart_Timeout_stop
                0x000000000800dcd2        0x2 Middlewares/MotorControl/usart_frame_communication_protocol.o
                0x000000000800dcd4                . = ALIGN (0x4)

.rel.dyn        0x000000000800dcd4        0x0
 .rel.iplt      0x000000000800dcd4        0x0 d:/st/stm32cubeide_1.3.0/stm32cubeide/plugins/com.st.stm32cube.ide.mcu.externaltools.gnu-tools-for-stm32.7-2018-q2-update.win32_1.0.0.201904181610/tools/bin/../lib/gcc/arm-none-eabi/7.3.1/thumb/v7e-m/fpv4-sp/hard/crtbegin.o

.ARM.extab      0x000000000800dcd4        0x0
                0x000000000800dcd4                . = ALIGN (0x4)
 *(.ARM.extab* .gnu.linkonce.armextab.*)
                0x000000000800dcd4                . = ALIGN (0x4)

.ARM            0x000000000800dcd4        0x0
                0x000000000800dcd4                . = ALIGN (0x4)
                0x000000000800dcd4                __exidx_start = .
 *(.ARM.exidx*)
                0x000000000800dcd4                __exidx_end = .
                0x000000000800dcd4                . = ALIGN (0x4)

.preinit_array  0x000000000800dcd4        0x0
                0x000000000800dcd4                . = ALIGN (0x4)
                0x000000000800dcd4                PROVIDE (__preinit_array_start = .)
 *(.preinit_array*)
                0x000000000800dcd4                PROVIDE (__preinit_array_end = .)
                0x000000000800dcd4                . = ALIGN (0x4)

.init_array     0x000000000800dcd4        0x4
                0x000000000800dcd4                . = ALIGN (0x4)
                0x000000000800dcd4                PROVIDE (__init_array_start = .)
 *(SORT_BY_NAME(.init_array.*))
 *(.init_array*)
 .init_array    0x000000000800dcd4        0x4 d:/st/stm32cubeide_1.3.0/stm32cubeide/plugins/com.st.stm32cube.ide.mcu.externaltools.gnu-tools-for-stm32.7-2018-q2-update.win32_1.0.0.201904181610/tools/bin/../lib/gcc/arm-none-eabi/7.3.1/thumb/v7e-m/fpv4-sp/hard/crtbegin.o
                0x000000000800dcd8                PROVIDE (__init_array_end = .)
                0x000000000800dcd8                . = ALIGN (0x4)

.fini_array     0x000000000800dcd8        0x4
                0x000000000800dcd8                . = ALIGN (0x4)
                [!provide]                        PROVIDE (__fini_array_start = .)
 *(SORT_BY_NAME(.fini_array.*))
 *(.fini_array*)
 .fini_array    0x000000000800dcd8        0x4 d:/st/stm32cubeide_1.3.0/stm32cubeide/plugins/com.st.stm32cube.ide.mcu.externaltools.gnu-tools-for-stm32.7-2018-q2-update.win32_1.0.0.201904181610/tools/bin/../lib/gcc/arm-none-eabi/7.3.1/thumb/v7e-m/fpv4-sp/hard/crtbegin.o
                [!provide]                        PROVIDE (__fini_array_end = .)
                0x000000000800dcdc                . = ALIGN (0x4)
                0x000000000800dcdc                _sidata = LOADADDR (.data)

.data           0x0000000020000000      0x69c load address 0x000000000800dcdc
                0x0000000020000000                . = ALIGN (0x4)
                0x0000000020000000                _sdata = .
 *(.data)
 *(.data*)
 .data.PQD_MotorPowMeasM1
                0x0000000020000000      0x114 Application/User/mc_config.o
                0x0000000020000000                PQD_MotorPowMeasM1
 .data.PIDSpeedHandle_M1
                0x0000000020000114       0x2c Application/User/mc_config.o
                0x0000000020000114                PIDSpeedHandle_M1
 .data.PIDIqHandle_M1
                0x0000000020000140       0x2c Application/User/mc_config.o
                0x0000000020000140                PIDIqHandle_M1
 .data.PIDIdHandle_M1
                0x000000002000016c       0x2c Application/User/mc_config.o
                0x000000002000016c                PIDIdHandle_M1
 .data.SpeednTorqCtrlM1
                0x0000000020000198       0x34 Application/User/mc_config.o
                0x0000000020000198                SpeednTorqCtrlM1
 .data.RevUpControlM1
                0x00000000200001cc       0x78 Application/User/mc_config.o
                0x00000000200001cc                RevUpControlM1
 .data.PWM_Handle_M1
                0x0000000020000244       0x78 Application/User/mc_config.o
                0x0000000020000244                PWM_Handle_M1
 .data.VirtualSpeedSensorM1
                0x00000000200002bc       0x38 Application/User/mc_config.o
                0x00000000200002bc                VirtualSpeedSensorM1
 .data.STO_PLL_M1
                0x00000000200002f4      0x128 Application/User/mc_config.o
                0x00000000200002f4                STO_PLL_M1
 .data.STO_M1   0x000000002000041c       0x14 Application/User/mc_config.o
                0x000000002000041c                STO_M1
 .data.TempSensorParamsM1
                0x0000000020000430       0x28 Application/User/mc_config.o
                0x0000000020000430                TempSensorParamsM1
 .data.RealBusVoltageSensorParamsM1
                0x0000000020000458       0x28 Application/User/mc_config.o
                0x0000000020000458                RealBusVoltageSensorParamsM1
 .data.RampExtMngrHFParamsM1
                0x0000000020000480       0x18 Application/User/mc_config.o
                0x0000000020000480                RampExtMngrHFParamsM1
 .data.CircleLimitationM1
                0x0000000020000498       0xb4 Application/User/mc_config.o
                0x0000000020000498                CircleLimitationM1
 .data.pUSART   0x000000002000054c      0x13c Application/User/mc_config.o
                0x000000002000054c                pUSART
 .data.wConfig  0x0000000020000688        0x4 Application/User/motorcontrol.o
                0x0000000020000688                wConfig
 .data.SystickDividerCounter.14770
                0x000000002000068c        0x1 Application/User/stm32f30x_mc_it.o
 *fill*         0x000000002000068d        0x1 
 .data.bCOMATRTimeCounter
                0x000000002000068e        0x2 Application/User/ui_task.o
 .data.SystemCoreClock
                0x0000000020000690        0x4 Drivers/CMSIS/system_stm32f3xx.o
                0x0000000020000690                SystemCoreClock
 .data.uwTickPrio
                0x0000000020000694        0x4 Drivers/STM32F3xx_HAL_Driver/stm32f3xx_hal.o
                0x0000000020000694                uwTickPrio
 .data.uwTickFreq
                0x0000000020000698        0x1 Drivers/STM32F3xx_HAL_Driver/stm32f3xx_hal.o
                0x0000000020000698                uwTickFreq
                0x000000002000069c                . = ALIGN (0x4)
 *fill*         0x0000000020000699        0x3 
                0x000000002000069c                _edata = .

.igot.plt       0x000000002000069c        0x0 load address 0x000000000800e378
 .igot.plt      0x000000002000069c        0x0 d:/st/stm32cubeide_1.3.0/stm32cubeide/plugins/com.st.stm32cube.ide.mcu.externaltools.gnu-tools-for-stm32.7-2018-q2-update.win32_1.0.0.201904181610/tools/bin/../lib/gcc/arm-none-eabi/7.3.1/thumb/v7e-m/fpv4-sp/hard/crtbegin.o
                0x000000002000069c                . = ALIGN (0x4)

.bss            0x000000002000069c      0x414 load address 0x000000000800e378
                0x000000002000069c                _sbss = .
                0x000000002000069c                __bss_start__ = _sbss
 *(.bss)
 .bss           0x000000002000069c       0x1c d:/st/stm32cubeide_1.3.0/stm32cubeide/plugins/com.st.stm32cube.ide.mcu.externaltools.gnu-tools-for-stm32.7-2018-q2-update.win32_1.0.0.201904181610/tools/bin/../lib/gcc/arm-none-eabi/7.3.1/thumb/v7e-m/fpv4-sp/hard/crtbegin.o
 *(.bss*)
 .bss.UI_Params
                0x00000000200006b8       0x18 Application/User/mc_config.o
                0x00000000200006b8                UI_Params
 .bss.hMFTaskCounterM1
                0x00000000200006d0        0x2 Application/User/mc_tasks.o
 .bss.hBootCapDelayCounterM1
                0x00000000200006d2        0x2 Application/User/mc_tasks.o
 .bss.hStopPermanencyCounterM1
                0x00000000200006d4        0x2 Application/User/mc_tasks.o
 .bss.bMCBootCompleted
                0x00000000200006d6        0x1 Application/User/mc_tasks.o
                0x00000000200006d6                bMCBootCompleted
 *fill*         0x00000000200006d7        0x1 
 .bss.MPInfo    0x00000000200006d8        0x8 Application/User/motor_control_protocol.o
                0x00000000200006d8                MPInfo
 .bss.pMCP      0x00000000200006e0        0x4 Application/User/ui_task.o
                0x00000000200006e0                pMCP
 .bss.bUITaskCounter
                0x00000000200006e4        0x2 Application/User/ui_task.o
 .bss.bCOMTimeoutCounter
                0x00000000200006e6        0x2 Application/User/ui_task.o
 *(COMMON)
 COMMON         0x00000000200006e8      0x1f0 Application/User/main.o
                0x00000000200006e8                hcomp6
                0x0000000020000718                hcomp4
                0x0000000020000748                hadc1
                0x0000000020000798                hadc3
                0x00000000200007e8                huart1
                0x0000000020000868                htim1
                0x00000000200008a8                hcomp2
 COMMON         0x00000000200008d8        0xc Application/User/mc_config.o
                0x00000000200008d8                RealBusVoltageSensorFilterBufferM1
 COMMON         0x00000000200008e4       0xd4 Application/User/mc_tasks.o
                0x00000000200008e4                pOCPDisabling
                0x00000000200008e8                pTemperatureSensor
                0x00000000200008ec                pwmcHandle
                0x00000000200008f0                pPIDSpeed
                0x00000000200008f4                pPIDIq
                0x00000000200008f8                oMCInterface
                0x00000000200008fc                pR_Brake
                0x0000000020000900                FOCVars
                0x0000000020000928                MCT
                0x000000002000097c                pCLM
                0x0000000020000980                pBusSensorM1
                0x0000000020000984                Mci
                0x00000000200009a0                STM
                0x00000000200009a8                pREMNG
                0x00000000200009ac                pMPM
                0x00000000200009b0                pPIDId
                0x00000000200009b4                pSTC
 COMMON         0x00000000200009b8        0x8 Application/User/motorcontrol.o
                0x00000000200009b8                pMCI
                0x00000000200009bc                pMCT
 COMMON         0x00000000200009c0       0x3a Application/User/regular_conversion_manager.o
                0x00000000200009c0                RCM_UserConvHandle
                0x00000000200009c4                RCM_CB_array
                0x00000000200009e4                RCM_UserConvState
                0x00000000200009e8                RCM_handle_array
                0x00000000200009f8                RCM_UserConvValue
 *fill*         0x00000000200009fa        0x2 
 COMMON         0x00000000200009fc       0xb0 Application/User/ui_task.o
                0x00000000200009fc                MCP_UI_Params
 COMMON         0x0000000020000aac        0x4 Drivers/STM32F3xx_HAL_Driver/stm32f3xx_hal.o
                0x0000000020000aac                uwTick
                0x0000000020000ab0                . = ALIGN (0x4)
                0x0000000020000ab0                _ebss = .
                0x0000000020000ab0                __bss_end__ = _ebss

._user_heap_stack
                0x0000000020000ab0      0x600 load address 0x000000000800e378
                0x0000000020000ab0                . = ALIGN (0x8)
                0x0000000020000ab0                PROVIDE (end = .)
                [!provide]                        PROVIDE (_end = .)
                0x0000000020000cb0                . = (. + _Min_Heap_Size)
 *fill*         0x0000000020000ab0      0x200 
                0x00000000200010b0                . = (. + _Min_Stack_Size)
 *fill*         0x0000000020000cb0      0x400 
                0x00000000200010b0                . = ALIGN (0x8)

/DISCARD/
 libc.a(*)
 libm.a(*)
 libgcc.a(*)

.ARM.attributes
                0x0000000000000000       0x30
 *(.ARM.attributes)
 .ARM.attributes
                0x0000000000000000       0x22 d:/st/stm32cubeide_1.3.0/stm32cubeide/plugins/com.st.stm32cube.ide.mcu.externaltools.gnu-tools-for-stm32.7-2018-q2-update.win32_1.0.0.201904181610/tools/bin/../lib/gcc/arm-none-eabi/7.3.1/thumb/v7e-m/fpv4-sp/hard/crti.o
 .ARM.attributes
                0x0000000000000022       0x34 d:/st/stm32cubeide_1.3.0/stm32cubeide/plugins/com.st.stm32cube.ide.mcu.externaltools.gnu-tools-for-stm32.7-2018-q2-update.win32_1.0.0.201904181610/tools/bin/../lib/gcc/arm-none-eabi/7.3.1/thumb/v7e-m/fpv4-sp/hard/crtbegin.o
 .ARM.attributes
                0x0000000000000056       0x21 Application/Startup/startup_stm32f303cbtx.o
 .ARM.attributes
                0x0000000000000077       0x39 Application/User/main.o
 .ARM.attributes
                0x00000000000000b0       0x39 Application/User/mc_config.o
 .ARM.attributes
                0x00000000000000e9       0x39 Application/User/mc_interface.o
 .ARM.attributes
                0x0000000000000122       0x39 Application/User/mc_math.o
 .ARM.attributes
                0x000000000000015b       0x39 Application/User/mc_parameters.o
 .ARM.attributes
                0x0000000000000194       0x39 Application/User/mc_tasks.o
 .ARM.attributes
                0x00000000000001cd       0x39 Application/User/motor_control_protocol.o
 .ARM.attributes
                0x0000000000000206       0x39 Application/User/motorcontrol.o
 .ARM.attributes