stm32f3xx_ll_gpio.h:705:22:LL_GPIO_LockPin	24	static
mc_tasks.c:123:13:MCboot	40	static
mc_tasks.c:266:13:MC_RunMotorControlTasks	8	static
mc_tasks.c:287:13:MC_Scheduler	8	static
mc_tasks.c:332:13:TSK_MediumFrequencyTaskM1	40	static
mc_tasks.c:552:13:FOC_Clear	32	static
mc_tasks.c:588:13:FOC_InitAdditionalMethods	16	static
mc_tasks.c:605:13:FOC_CalcCurrRef	24	static
mc_tasks.c:628:13:TSK_SetChargeBootCapDelayM1	16	static
mc_tasks.c:639:13:TSK_ChargeBootCapDelayHasElapsedM1	16	static
mc_tasks.c:655:13:TSK_SetStopPermanencyTimeM1	16	static
mc_tasks.c:666:13:TSK_StopPermanencyTimeHasElapsedM1	16	static
mc_tasks.c:691:16:TSK_HighFrequencyTask	32	static
mc_tasks.c:767:17:FOC_CurrControllerM1	40	static
mc_tasks.c:807:13:TSK_SafetyTask	8	static
mc_tasks.c:829:13:TSK_SafetyTask_PWMOFF	32	static
mc_tasks.c:880:23:GetMCI	24	static
mc_tasks.c:899:22:GetMCT	24	static
mc_tasks.c:915:13:TSK_HardwareFaultTask	8	static
mc_tasks.c:930:13:mc_lock_pins	8	static
